Application.hpp:74:18:virtual void touchgfx::Application::appSwitchScreen(uint8_t)	0	static
Application.hpp:86:18:virtual void touchgfx::Application::requestRedraw(touchgfx::Rect&)	0	static
Transition.hpp:71:18:virtual void touchgfx::Transition::tearDown()	0	static
Transition.hpp:79:18:virtual void touchgfx::Transition::init()	0	static
Transition.hpp:99:18:virtual void touchgfx::Transition::setScreenContainer(touchgfx::Container&)	0	static
MVPApplication.hpp:43:7:touchgfx::MVPApplication::~MVPApplication()	0	static
FrontendApplicationBase.hpp:16:13:FrontendApplicationBase::~FrontendApplicationBase()	0	static
NoTransition.hpp:35:18:virtual void touchgfx::NoTransition::handleTickEvent()	0	static
TypedText.hpp:65:13:touchgfx::TypedText::~TypedText()	0	static
NoTransition.hpp:31:7:touchgfx::NoTransition::~NoTransition()	0	static
Callback.hpp:424:8:touchgfx::Callback<FrontendApplicationBase>::~Callback()	0	static
Callback.hpp:449:18:void touchgfx::Callback<dest_type, void, void, void>::execute() [with dest_type = FrontendApplicationBase]	4	static
Callback.hpp:459:18:bool touchgfx::Callback<dest_type, void, void, void>::isValid() const [with dest_type = FrontendApplicationBase]	0	static
MVPApplication.hpp:43:7:virtual touchgfx::MVPApplication::~MVPApplication()	8	static
NoTransition.hpp:31:7:virtual touchgfx::NoTransition::~NoTransition()	8	static
TypedText.hpp:65:13:virtual touchgfx::TypedText::~TypedText()	8	static
FrontendApplicationBase.hpp:16:13:virtual FrontendApplicationBase::~FrontendApplicationBase()	8	static
Callback.hpp:424:8:virtual touchgfx::Callback<FrontendApplicationBase>::~Callback()	8	static
Transition.hpp:88:18:virtual void touchgfx::Transition::invalidate()	8	static
MVPApplication.hpp:59:18:virtual void touchgfx::MVPApplication::handlePendingScreenTransition()	8	static
FrontendApplicationBase.cpp:29:1:FrontendApplicationBase::FrontendApplicationBase(Model&, FrontendHeap&)	24	static
FrontendApplicationBase.cpp:46:6:void FrontendApplicationBase::gotoHomeScreenNoTransition()	0	static
FrontendApplicationBase.cpp:59:6:void FrontendApplicationBase::gotoListScreenNoTransition()	0	static
FrontendApplicationBase.cpp:72:6:void FrontendApplicationBase::gotoStoreScreenNoTransition()	0	static
FrontendApplicationBase.cpp:85:6:void FrontendApplicationBase::gotoSettingsScreenNoTransition()	0	static
FrontendApplicationBase.cpp:98:6:void FrontendApplicationBase::gotoPairScreenNoTransition()	0	static
FrontendApplicationBase.cpp:111:6:void FrontendApplicationBase::gotoKeyboardScreenNoTransition()	0	static
FrontendApplicationBase.cpp:124:6:void FrontendApplicationBase::gotoKeyboard_1ScreenNoTransition()	0	static
AbstractPartition.hpp:135:8:T& touchgfx::AbstractPartition::at(uint16_t) [with T = touchgfx::NoTransition]	0	static
MVPApplication.hpp:161:16:PresenterType* touchgfx::makeTransition(touchgfx::Screen**, touchgfx::Presenter**, touchgfx::MVPHeap&, touchgfx::Transition**, ModelType*) [with ScreenType = HomeView; PresenterType = HomePresenter; TransType = touchgfx::NoTransition; ModelType = Model]	32	static
FrontendApplicationBase.cpp:52:6:void FrontendApplicationBase::gotoHomeScreenNoTransitionImpl()	16	static
MVPApplication.hpp:161:16:PresenterType* touchgfx::makeTransition(touchgfx::Screen**, touchgfx::Presenter**, touchgfx::MVPHeap&, touchgfx::Transition**, ModelType*) [with ScreenType = ListView; PresenterType = ListPresenter; TransType = touchgfx::NoTransition; ModelType = Model]	32	static
FrontendApplicationBase.cpp:65:6:void FrontendApplicationBase::gotoListScreenNoTransitionImpl()	16	static
MVPApplication.hpp:161:16:PresenterType* touchgfx::makeTransition(touchgfx::Screen**, touchgfx::Presenter**, touchgfx::MVPHeap&, touchgfx::Transition**, ModelType*) [with ScreenType = StoreView; PresenterType = StorePresenter; TransType = touchgfx::NoTransition; ModelType = Model]	32	static
FrontendApplicationBase.cpp:78:6:void FrontendApplicationBase::gotoStoreScreenNoTransitionImpl()	16	static
MVPApplication.hpp:161:16:PresenterType* touchgfx::makeTransition(touchgfx::Screen**, touchgfx::Presenter**, touchgfx::MVPHeap&, touchgfx::Transition**, ModelType*) [with ScreenType = SettingsView; PresenterType = SettingsPresenter; TransType = touchgfx::NoTransition; ModelType = Model]	32	static
FrontendApplicationBase.cpp:91:6:void FrontendApplicationBase::gotoSettingsScreenNoTransitionImpl()	16	static
MVPApplication.hpp:161:16:PresenterType* touchgfx::makeTransition(touchgfx::Screen**, touchgfx::Presenter**, touchgfx::MVPHeap&, touchgfx::Transition**, ModelType*) [with ScreenType = PairView; PresenterType = PairPresenter; TransType = touchgfx::NoTransition; ModelType = Model]	32	static
FrontendApplicationBase.cpp:104:6:void FrontendApplicationBase::gotoPairScreenNoTransitionImpl()	16	static
MVPApplication.hpp:161:16:PresenterType* touchgfx::makeTransition(touchgfx::Screen**, touchgfx::Presenter**, touchgfx::MVPHeap&, touchgfx::Transition**, ModelType*) [with ScreenType = KeyboardView; PresenterType = KeyboardPresenter; TransType = touchgfx::NoTransition; ModelType = Model]	32	static
FrontendApplicationBase.cpp:117:6:void FrontendApplicationBase::gotoKeyboardScreenNoTransitionImpl()	16	static
MVPApplication.hpp:161:16:PresenterType* touchgfx::makeTransition(touchgfx::Screen**, touchgfx::Presenter**, touchgfx::MVPHeap&, touchgfx::Transition**, ModelType*) [with ScreenType = Keyboard_1View; PresenterType = Keyboard_1Presenter; TransType = touchgfx::NoTransition; ModelType = Model]	32	static
FrontendApplicationBase.cpp:130:6:void FrontendApplicationBase::gotoKeyboard_1ScreenNoTransitionImpl()	16	static
FrontendApplicationBase.cpp:133:1:cpp)	0	static
