C:/Users/davis/Desktop/github_sr_dsgn/Senior_Design_GUI/Drivers/STM32H7xx_HAL_Driver/Src/stm32h7xx_hal_qspi.c:2369:13:QSPI_DMARxCplt	0	static
C:/Users/davis/Desktop/github_sr_dsgn/Senior_Design_GUI/Drivers/STM32H7xx_HAL_Driver/Src/stm32h7xx_hal_qspi.c:2383:13:QSPI_DMATxCplt	0	static
C:/Users/davis/Desktop/github_sr_dsgn/Senior_Design_GUI/Drivers/STM32H7xx_HAL_Driver/Src/stm32h7xx_hal_qspi.c:2495:13:QSPI_Config	32	static
C:/Users/davis/Desktop/github_sr_dsgn/Senior_Design_GUI/Drivers/STM32H7xx_HAL_Driver/Src/stm32h7xx_hal_qspi.c:2462:26:QSPI_WaitFlagStateUntilTimeout	24	static
C:/Users/davis/Desktop/github_sr_dsgn/Senior_Design_GUI/Drivers/STM32H7xx_HAL_Driver/Src/stm32h7xx_hal_qspi.c:438:13:HAL_QSPI_MspInit	0	static
C:/Users/davis/Desktop/github_sr_dsgn/Senior_Design_GUI/Drivers/STM32H7xx_HAL_Driver/Src/stm32h7xx_hal_qspi.c:306:19:HAL_QSPI_Init	32	static
C:/Users/davis/Desktop/github_sr_dsgn/Senior_Design_GUI/Drivers/STM32H7xx_HAL_Driver/Src/stm32h7xx_hal_qspi.c:453:13:HAL_QSPI_MspDeInit	0	static
C:/Users/davis/Desktop/github_sr_dsgn/Senior_Design_GUI/Drivers/STM32H7xx_HAL_Driver/Src/stm32h7xx_hal_qspi.c:400:19:HAL_QSPI_DeInit	8	static
C:/Users/davis/Desktop/github_sr_dsgn/Senior_Design_GUI/Drivers/STM32H7xx_HAL_Driver/Src/stm32h7xx_hal_qspi.c:784:19:HAL_QSPI_Command	48	static
C:/Users/davis/Desktop/github_sr_dsgn/Senior_Design_GUI/Drivers/STM32H7xx_HAL_Driver/Src/stm32h7xx_hal_qspi.c:873:19:HAL_QSPI_Command_IT	32	static
C:/Users/davis/Desktop/github_sr_dsgn/Senior_Design_GUI/Drivers/STM32H7xx_HAL_Driver/Src/stm32h7xx_hal_qspi.c:973:19:HAL_QSPI_Transmit	40	static
C:/Users/davis/Desktop/github_sr_dsgn/Senior_Design_GUI/Drivers/STM32H7xx_HAL_Driver/Src/stm32h7xx_hal_qspi.c:1056:19:HAL_QSPI_Receive	40	static
C:/Users/davis/Desktop/github_sr_dsgn/Senior_Design_GUI/Drivers/STM32H7xx_HAL_Driver/Src/stm32h7xx_hal_qspi.c:1141:19:HAL_QSPI_Transmit_IT	8	static
C:/Users/davis/Desktop/github_sr_dsgn/Senior_Design_GUI/Drivers/STM32H7xx_HAL_Driver/Src/stm32h7xx_hal_qspi.c:1201:19:HAL_QSPI_Receive_IT	12	static
C:/Users/davis/Desktop/github_sr_dsgn/Senior_Design_GUI/Drivers/STM32H7xx_HAL_Driver/Src/stm32h7xx_hal_qspi.c:1265:19:HAL_QSPI_Transmit_DMA	32	static
C:/Users/davis/Desktop/github_sr_dsgn/Senior_Design_GUI/Drivers/STM32H7xx_HAL_Driver/Src/stm32h7xx_hal_qspi.c:1378:19:HAL_QSPI_Receive_DMA	32	static
C:/Users/davis/Desktop/github_sr_dsgn/Senior_Design_GUI/Drivers/STM32H7xx_HAL_Driver/Src/stm32h7xx_hal_qspi.c:1495:19:HAL_QSPI_AutoPolling	40	static
C:/Users/davis/Desktop/github_sr_dsgn/Senior_Design_GUI/Drivers/STM32H7xx_HAL_Driver/Src/stm32h7xx_hal_qspi.c:1595:19:HAL_QSPI_AutoPolling_IT	32	static
C:/Users/davis/Desktop/github_sr_dsgn/Senior_Design_GUI/Drivers/STM32H7xx_HAL_Driver/Src/stm32h7xx_hal_qspi.c:1699:19:HAL_QSPI_MemoryMapped	32	static
C:/Users/davis/Desktop/github_sr_dsgn/Senior_Design_GUI/Drivers/STM32H7xx_HAL_Driver/Src/stm32h7xx_hal_qspi.c:1785:13:HAL_QSPI_ErrorCallback	0	static
C:/Users/davis/Desktop/github_sr_dsgn/Senior_Design_GUI/Drivers/STM32H7xx_HAL_Driver/Src/stm32h7xx_hal_qspi.c:2419:13:QSPI_DMAAbortCplt	8	static
C:/Users/davis/Desktop/github_sr_dsgn/Senior_Design_GUI/Drivers/STM32H7xx_HAL_Driver/Src/stm32h7xx_hal_qspi.c:1800:13:HAL_QSPI_AbortCpltCallback	0	static
C:/Users/davis/Desktop/github_sr_dsgn/Senior_Design_GUI/Drivers/STM32H7xx_HAL_Driver/Src/stm32h7xx_hal_qspi.c:1815:13:HAL_QSPI_CmdCpltCallback	0	static
C:/Users/davis/Desktop/github_sr_dsgn/Senior_Design_GUI/Drivers/STM32H7xx_HAL_Driver/Src/stm32h7xx_hal_qspi.c:1830:13:HAL_QSPI_RxCpltCallback	0	static
C:/Users/davis/Desktop/github_sr_dsgn/Senior_Design_GUI/Drivers/STM32H7xx_HAL_Driver/Src/stm32h7xx_hal_qspi.c:1845:13:HAL_QSPI_TxCpltCallback	0	static
C:/Users/davis/Desktop/github_sr_dsgn/Senior_Design_GUI/Drivers/STM32H7xx_HAL_Driver/Src/stm32h7xx_hal_qspi.c:1861:13:HAL_QSPI_FifoThresholdCallback	0	static
C:/Users/davis/Desktop/github_sr_dsgn/Senior_Design_GUI/Drivers/STM32H7xx_HAL_Driver/Src/stm32h7xx_hal_qspi.c:1876:13:HAL_QSPI_StatusMatchCallback	0	static
C:/Users/davis/Desktop/github_sr_dsgn/Senior_Design_GUI/Drivers/STM32H7xx_HAL_Driver/Src/stm32h7xx_hal_qspi.c:1891:13:HAL_QSPI_TimeOutCallback	0	static
C:/Users/davis/Desktop/github_sr_dsgn/Senior_Design_GUI/Drivers/STM32H7xx_HAL_Driver/Src/stm32h7xx_hal_qspi.c:492:6:HAL_QSPI_IRQHandler	16	static
C:/Users/davis/Desktop/github_sr_dsgn/Senior_Design_GUI/Drivers/STM32H7xx_HAL_Driver/Src/stm32h7xx_hal_qspi.c:2133:23:HAL_QSPI_GetState	0	static
C:/Users/davis/Desktop/github_sr_dsgn/Senior_Design_GUI/Drivers/STM32H7xx_HAL_Driver/Src/stm32h7xx_hal_qspi.c:2144:10:HAL_QSPI_GetError	0	static
C:/Users/davis/Desktop/github_sr_dsgn/Senior_Design_GUI/Drivers/STM32H7xx_HAL_Driver/Src/stm32h7xx_hal_qspi.c:2154:19:HAL_QSPI_Abort	24	static
C:/Users/davis/Desktop/github_sr_dsgn/Senior_Design_GUI/Drivers/STM32H7xx_HAL_Driver/Src/stm32h7xx_hal_qspi.c:2211:19:HAL_QSPI_Abort_IT	8	static
C:/Users/davis/Desktop/github_sr_dsgn/Senior_Design_GUI/Drivers/STM32H7xx_HAL_Driver/Src/stm32h7xx_hal_qspi.c:2397:13:QSPI_DMAError	0	static
C:/Users/davis/Desktop/github_sr_dsgn/Senior_Design_GUI/Drivers/STM32H7xx_HAL_Driver/Src/stm32h7xx_hal_qspi.c:2268:6:HAL_QSPI_SetTimeout	0	static
C:/Users/davis/Desktop/github_sr_dsgn/Senior_Design_GUI/Drivers/STM32H7xx_HAL_Driver/Src/stm32h7xx_hal_qspi.c:2278:19:HAL_QSPI_SetFifoThreshold	0	static
C:/Users/davis/Desktop/github_sr_dsgn/Senior_Design_GUI/Drivers/STM32H7xx_HAL_Driver/Src/stm32h7xx_hal_qspi.c:2310:10:HAL_QSPI_GetFifoThreshold	0	static
C:/Users/davis/Desktop/github_sr_dsgn/Senior_Design_GUI/Drivers/STM32H7xx_HAL_Driver/Src/stm32h7xx_hal_qspi.c:2322:19:HAL_QSPI_SetFlashID	0	static
