stm32h745i_discovery_lcd.c:181:9:BSP_LCD_Init	24	static
stm32h745i_discovery_lcd.c:195:9:BSP_LCD_InitEx	128	static
stm32h745i_discovery_lcd.c:314:9:BSP_LCD_DeInit	24	static
stm32h745i_discovery_lcd.c:356:26:MX_LTDC_Init	24	static
stm32h745i_discovery_lcd.c:387:26:MX_LTDC_ConfigLayer	80	static
stm32h745i_discovery_lcd.c:415:26:MX_LTDC_ClockConfig	208	static
stm32h745i_discovery_lcd.c:516:9:BSP_LCD_ConfigLayer	32	static
stm32h745i_discovery_lcd.c:539:9:BSP_LCD_GetPixelFormat	24	static
stm32h745i_discovery_lcd.c:562:9:BSP_LCD_SetActiveLayer	24	static
stm32h745i_discovery_lcd.c:587:9:BSP_LCD_Relaod	24	static
stm32h745i_discovery_lcd.c:621:9:BSP_LCD_SetLayerVisible	32	static
stm32h745i_discovery_lcd.c:657:9:BSP_LCD_SetTransparency	32	static
stm32h745i_discovery_lcd.c:687:9:BSP_LCD_SetLayerAddress	32	static
stm32h745i_discovery_lcd.c:720:9:BSP_LCD_SetLayerWindow	32	static
stm32h745i_discovery_lcd.c:757:9:BSP_LCD_SetColorKeying	32	static
stm32h745i_discovery_lcd.c:790:9:BSP_LCD_ResetColorKeying	24	static
stm32h745i_discovery_lcd.c:821:9:BSP_LCD_GetXSize	24	static
stm32h745i_discovery_lcd.c:843:9:BSP_LCD_GetYSize	24	static
stm32h745i_discovery_lcd.c:864:9:BSP_LCD_DisplayOn	40	static
stm32h745i_discovery_lcd.c:898:9:BSP_LCD_DisplayOff	40	static
stm32h745i_discovery_lcd.c:931:9:BSP_LCD_SetBrightness	48	static
stm32h745i_discovery_lcd.c:974:9:BSP_LCD_GetBrightness	24	static
stm32h745i_discovery_lcd.c:998:9:BSP_LCD_DrawBitmap	64	static
stm32h745i_discovery_lcd.c:1062:9:BSP_LCD_FillRGBRect	40	static
stm32h745i_discovery_lcd.c:1114:9:BSP_LCD_DrawHLine	40	static
stm32h745i_discovery_lcd.c:1140:9:BSP_LCD_DrawVLine	40	static
stm32h745i_discovery_lcd.c:1167:9:BSP_LCD_FillRect	40	static
stm32h745i_discovery_lcd.c:1188:9:BSP_LCD_ReadPixel	24	static
stm32h745i_discovery_lcd.c:1212:9:BSP_LCD_WritePixel	24	static
stm32h745i_discovery_lcd.c:1244:13:LL_FillBuffer	40	static
stm32h745i_discovery_lcd.c:1286:13:LL_ConvertLineToRGB	40	static
stm32h745i_discovery_lcd.c:1338:13:LTDC_MspInit	64	static
stm32h745i_discovery_lcd.c:1398:13:LTDC_MspDeInit	40	static
stm32h745i_discovery_lcd.c:1430:13:DMA2D_MspInit	24	static
stm32h745i_discovery_lcd.c:1448:13:DMA2D_MspDeInit	16	static
stm32h745i_discovery_lcd.c:1468:13:TIMx_PWM_MspInit	48	static
stm32h745i_discovery_lcd.c:1495:13:TIMx_PWM_MspDeInit	40	static
stm32h745i_discovery_lcd.c:1515:13:TIMx_PWM_Init	16	static
stm32h745i_discovery_lcd.c:1539:13:TIMx_PWM_DeInit	16	static
