stm32h745i_discovery_qspi.c:97:9:BSP_QSPI_Init	72	static,ignoring_inline_asm
stm32h745i_discovery_qspi.c:182:9:BSP_QSPI_DeInit	24	static
stm32h745i_discovery_qspi.c:231:26:MX_QSPI_Init	16	static
stm32h745i_discovery_qspi.c:329:9:BSP_QSPI_Read	40	static
stm32h745i_discovery_qspi.c:368:9:BSP_QSPI_Write	56	static
stm32h745i_discovery_qspi.c:438:9:BSP_QSPI_EraseBlock	32	static
stm32h745i_discovery_qspi.c:477:9:BSP_QSPI_EraseChip	24	static
stm32h745i_discovery_qspi.c:517:9:BSP_QSPI_GetStatus	24	static
stm32h745i_discovery_qspi.c:553:9:BSP_QSPI_GetInfo	24	static
stm32h745i_discovery_qspi.c:577:9:BSP_QSPI_EnableMemoryMappedMode	24	static
stm32h745i_discovery_qspi.c:622:9:BSP_QSPI_DisableMemoryMappedMode	32	static
stm32h745i_discovery_qspi.c:673:9:BSP_QSPI_ReadID	24	static
stm32h745i_discovery_qspi.c:703:9:BSP_QSPI_ConfigFlash	24	static
stm32h745i_discovery_qspi.c:790:13:QSPI_MspInit	88	static
stm32h745i_discovery_qspi.c:880:13:QSPI_MspDeInit	16	static
stm32h745i_discovery_qspi.c:916:16:QSPI_ResetMemory	24	static
stm32h745i_discovery_qspi.c:959:16:QSPI_DummyCyclesCfg	80	static
