Types.hpp:91:5:touchgfx::colortype::colortype(uint32_t)	16	static
Types.hpp:127:5:touchgfx::Rect::Rect()	16	static
Types.hpp:140:5:touchgfx::Rect::Rect(int16_t, int16_t, int16_t, int16_t)	24	static
Callback.hpp:179:13:touchgfx::GenericCallback<void>::~GenericCallback()	16	static
Callback.hpp:179:13:virtual touchgfx::GenericCallback<void>::~GenericCallback()	16	static
TypedText.hpp:59:14:touchgfx::TypedText::TypedText(touchgfx::TypedTextId)	16	static
TypedText.hpp:65:13:touchgfx::TypedText::~TypedText()	16	static
TypedText.hpp:65:13:virtual touchgfx::TypedText::~TypedText()	16	static
Drawable.hpp:48:5:touchgfx::Drawable::Drawable()	16	static
Drawable.hpp:62:13:touchgfx::Drawable::~Drawable()	16	static
Drawable.hpp:62:13:virtual touchgfx::Drawable::~Drawable()	16	static
Drawable.hpp:132:23:virtual touchgfx::Drawable* touchgfx::Drawable::getFirstChild()	16	static
Drawable.hpp:216:10:void touchgfx::Drawable::setPosition(int16_t, int16_t, int16_t, int16_t)	24	static
Drawable.hpp:298:18:virtual void touchgfx::Drawable::setX(int16_t)	16	static
Drawable.hpp:310:18:virtual void touchgfx::Drawable::setY(int16_t)	16	static
Drawable.hpp:326:10:void touchgfx::Drawable::setXY(int16_t, int16_t)	16	static
Drawable.hpp:339:18:virtual void touchgfx::Drawable::setWidth(int16_t)	16	static
Drawable.hpp:351:18:virtual void touchgfx::Drawable::setHeight(int16_t)	16	static
Drawable.hpp:361:18:virtual void touchgfx::Drawable::childGeometryChanged()	16	static
Drawable.hpp:372:18:virtual void touchgfx::Drawable::handleClickEvent(const touchgfx::ClickEvent&)	16	static
Drawable.hpp:383:18:virtual void touchgfx::Drawable::handleGestureEvent(const touchgfx::GestureEvent&)	16	static
Drawable.hpp:394:10:void touchgfx::Drawable::setWidthHeight(int16_t, int16_t)	16	static
Drawable.hpp:471:18:virtual void touchgfx::Drawable::handleDragEvent(const touchgfx::DragEvent&)	16	static
Drawable.hpp:481:18:virtual void touchgfx::Drawable::handleTickEvent()	16	static
Drawable.hpp:505:10:void touchgfx::Drawable::setTouchable(bool)	16	static
Drawable.hpp:517:10:bool touchgfx::Drawable::isVisible() const	16	static
Drawable.hpp:529:10:bool touchgfx::Drawable::isTouchable() const	16	static
Drawable.hpp:568:18:virtual void touchgfx::Drawable::moveTo(int16_t, int16_t)	16	static
Drawable.hpp:605:10:void touchgfx::Drawable::resetDrawChainCache()	16	static
Drawable.hpp:683:18:virtual void touchgfx::Drawable::setupDrawChain(const touchgfx::Rect&, touchgfx::Drawable**)	24	static
Container.hpp:43:5:touchgfx::Container::Container()	16	static
Container.hpp:165:23:virtual touchgfx::Drawable* touchgfx::Container::getFirstChild()	16	static
Widget.hpp:47:18:virtual void touchgfx::Widget::getLastChild(int16_t, int16_t, touchgfx::Drawable**)	24	static
Widget.hpp:36:7:touchgfx::Widget::Widget()	16	static
Widget.hpp:36:7:touchgfx::Widget::~Widget()	16	static
Widget.hpp:36:7:virtual touchgfx::Widget::~Widget()	16	static
TextArea.hpp:42:5:touchgfx::TextArea::TextArea()	16	static
TextArea.hpp:39:7:touchgfx::TextArea::~TextArea()	16	static
TextArea.hpp:39:7:virtual touchgfx::TextArea::~TextArea()	16	static
Keyboard.hpp:187:14:uint16_t touchgfx::Keyboard::getBufferPosition()	16	static
Keyboard.hpp:199:27:touchgfx::Unicode::UnicodeChar* touchgfx::Keyboard::getBuffer() const	16	static
Keyboard.hpp:241:10:void touchgfx::Keyboard::setKeyListener(touchgfx::GenericCallback<short unsigned int>&)	16	static
Container.hpp:40:7:touchgfx::Container::~Container()	16	static
Container.hpp:40:7:virtual touchgfx::Container::~Container()	16	static
CustomKeyboard.hpp:25:13:CustomKeyboard::~CustomKeyboard()	16	static
CustomKeyboard.hpp:25:13:virtual CustomKeyboard::~CustomKeyboard()	16	static
CustomKeyboard.cpp:5:1:CustomKeyboard::CustomKeyboard()	88	static
CustomKeyboard.cpp:39:6:void CustomKeyboard::setKeyMappingList()	40	static
CustomKeyboard.cpp:67:6:void CustomKeyboard::backspacePressedHandler()	24	static
CustomKeyboard.cpp:86:6:void CustomKeyboard::capslockPressedHandler()	16	static
CustomKeyboard.cpp:92:6:void CustomKeyboard::modePressedHandler()	16	static
CustomKeyboard.cpp:109:6:void CustomKeyboard::keyPressedhandler(touchgfx::Unicode::UnicodeChar)	16	static
CustomKeyboard.cpp:120:6:void CustomKeyboard::setTouchable(bool)	16	static
CustomKeyboard.cpp:126:23:touchgfx::Unicode::UnicodeChar* CustomKeyboard::getBuffer()	16	static
Callback.hpp:175:7:constexpr touchgfx::GenericCallback<void>::GenericCallback()	16	static
Callback.hpp:440:5:touchgfx::Callback<dest_type, void, void, void>::Callback(dest_type*, void (dest_type::*)()) [with dest_type = CustomKeyboard]	24	static
Callback.hpp:134:7:constexpr touchgfx::GenericCallback<short unsigned int>::GenericCallback()	16	static
Callback.hpp:373:5:touchgfx::Callback<dest_type, T1, void, void>::Callback(dest_type*, void (dest_type::*)(T1)) [with dest_type = CustomKeyboard; T1 = short unsigned int]	24	static
Callback.hpp:138:13:touchgfx::GenericCallback<T1, void, void>::~GenericCallback() [with T1 = short unsigned int]	16	static
Callback.hpp:138:13:touchgfx::GenericCallback<T1, void, void>::~GenericCallback() [with T1 = short unsigned int]	16	static
Callback.hpp:357:8:touchgfx::Callback<CustomKeyboard, short unsigned int>::~Callback()	16	static
Callback.hpp:357:8:virtual touchgfx::Callback<CustomKeyboard, short unsigned int>::~Callback()	16	static
Callback.hpp:424:8:touchgfx::Callback<CustomKeyboard>::~Callback()	16	static
Callback.hpp:424:8:virtual touchgfx::Callback<CustomKeyboard>::~Callback()	16	static
Keyboard.hpp:74:12:touchgfx::Keyboard::Layout::~Layout()	16	static
CustomKeyboard.cpp:129:1:void __static_initialization_and_destruction_0(int, int)	32	static
Image.hpp:38:7:touchgfx::Image::~Image()	16	static
Image.hpp:38:7:virtual touchgfx::Image::~Image()	16	static
TextAreaWithWildcard.hpp:34:7:touchgfx::TextAreaWithOneWildcard::~TextAreaWithOneWildcard()	16	static
TextAreaWithWildcard.hpp:34:7:virtual touchgfx::TextAreaWithOneWildcard::~TextAreaWithOneWildcard()	16	static
Keyboard.hpp:51:7:touchgfx::Keyboard::~Keyboard()	16	static
Keyboard.hpp:51:7:virtual touchgfx::Keyboard::~Keyboard()	16	static
Callback.hpp:386:18:void touchgfx::Callback<dest_type, T1, void, void>::execute(T1) [with dest_type = CustomKeyboard; T1 = short unsigned int]	16	static
Callback.hpp:396:18:bool touchgfx::Callback<dest_type, T1, void, void>::isValid() const [with dest_type = CustomKeyboard; T1 = short unsigned int]	16	static
Callback.hpp:449:18:void touchgfx::Callback<dest_type, void, void, void>::execute() [with dest_type = CustomKeyboard]	16	static
Callback.hpp:459:18:bool touchgfx::Callback<dest_type, void, void, void>::isValid() const [with dest_type = CustomKeyboard]	16	static
CustomKeyboard.cpp:129:1:cpp)	8	static
CustomKeyboard.cpp:129:1:cpp)	8	static
