../../CM7/../../CM7/Middlewares/ST/touchgfx/framework/include/touchgfx/hal/Types.hpp:127:5:touchgfx::Rect::Rect()	16	static
../../CM7/../../CM7/Middlewares/ST/touchgfx/framework/include/touchgfx/Bitmap.hpp:123:5:touchgfx::Bitmap::Bitmap(touchgfx::BitmapId)	16	static
../../CM7/../../CM7/Middlewares/ST/touchgfx/framework/include/touchgfx/Drawable.hpp:48:5:touchgfx::Drawable::Drawable()	16	static
../../CM7/../../CM7/Middlewares/ST/touchgfx/framework/include/touchgfx/Drawable.hpp:62:13:touchgfx::Drawable::~Drawable()	16	static
../../CM7/../../CM7/Middlewares/ST/touchgfx/framework/include/touchgfx/Drawable.hpp:62:13:virtual touchgfx::Drawable::~Drawable()	16	static
../../CM7/../../CM7/Middlewares/ST/touchgfx/framework/include/touchgfx/Drawable.hpp:132:23:virtual touchgfx::Drawable* touchgfx::Drawable::getFirstChild()	16	static
../../CM7/../../CM7/Middlewares/ST/touchgfx/framework/include/touchgfx/Drawable.hpp:298:18:virtual void touchgfx::Drawable::setX(int16_t)	16	static
../../CM7/../../CM7/Middlewares/ST/touchgfx/framework/include/touchgfx/Drawable.hpp:310:18:virtual void touchgfx::Drawable::setY(int16_t)	16	static
../../CM7/../../CM7/Middlewares/ST/touchgfx/framework/include/touchgfx/Drawable.hpp:326:10:void touchgfx::Drawable::setXY(int16_t, int16_t)	16	static
../../CM7/../../CM7/Middlewares/ST/touchgfx/framework/include/touchgfx/Drawable.hpp:339:18:virtual void touchgfx::Drawable::setWidth(int16_t)	16	static
../../CM7/../../CM7/Middlewares/ST/touchgfx/framework/include/touchgfx/Drawable.hpp:351:18:virtual void touchgfx::Drawable::setHeight(int16_t)	16	static
../../CM7/../../CM7/Middlewares/ST/touchgfx/framework/include/touchgfx/Drawable.hpp:361:18:virtual void touchgfx::Drawable::childGeometryChanged()	16	static
../../CM7/../../CM7/Middlewares/ST/touchgfx/framework/include/touchgfx/Drawable.hpp:372:18:virtual void touchgfx::Drawable::handleClickEvent(const touchgfx::ClickEvent&)	16	static
../../CM7/../../CM7/Middlewares/ST/touchgfx/framework/include/touchgfx/Drawable.hpp:383:18:virtual void touchgfx::Drawable::handleGestureEvent(const touchgfx::GestureEvent&)	16	static
../../CM7/../../CM7/Middlewares/ST/touchgfx/framework/include/touchgfx/Drawable.hpp:471:18:virtual void touchgfx::Drawable::handleDragEvent(const touchgfx::DragEvent&)	16	static
../../CM7/../../CM7/Middlewares/ST/touchgfx/framework/include/touchgfx/Drawable.hpp:481:18:virtual void touchgfx::Drawable::handleTickEvent()	16	static
../../CM7/../../CM7/Middlewares/ST/touchgfx/framework/include/touchgfx/Drawable.hpp:517:10:bool touchgfx::Drawable::isVisible() const	16	static
../../CM7/../../CM7/Middlewares/ST/touchgfx/framework/include/touchgfx/Drawable.hpp:529:10:bool touchgfx::Drawable::isTouchable() const	16	static
../../CM7/../../CM7/Middlewares/ST/touchgfx/framework/include/touchgfx/Drawable.hpp:568:18:virtual void touchgfx::Drawable::moveTo(int16_t, int16_t)	16	static
../../CM7/../../CM7/Middlewares/ST/touchgfx/framework/include/touchgfx/Drawable.hpp:605:10:void touchgfx::Drawable::resetDrawChainCache()	16	static
../../CM7/../../CM7/Middlewares/ST/touchgfx/framework/include/touchgfx/Drawable.hpp:683:18:virtual void touchgfx::Drawable::setupDrawChain(const touchgfx::Rect&, touchgfx::Drawable**)	24	static
../../CM7/../../CM7/Middlewares/ST/touchgfx/framework/include/touchgfx/Screen.hpp:46:13:touchgfx::Screen::~Screen()	16	static
../../CM7/../../CM7/Middlewares/ST/touchgfx/framework/include/touchgfx/Screen.hpp:46:13:virtual touchgfx::Screen::~Screen()	16	static
../../CM7/../../CM7/Middlewares/ST/touchgfx/framework/include/touchgfx/Screen.hpp:93:18:virtual void touchgfx::Screen::setupScreen()	16	static
../../CM7/../../CM7/Middlewares/ST/touchgfx/framework/include/touchgfx/Screen.hpp:104:18:virtual void touchgfx::Screen::afterTransition()	16	static
../../CM7/../../CM7/Middlewares/ST/touchgfx/framework/include/touchgfx/Screen.hpp:115:18:virtual void touchgfx::Screen::tearDownScreen()	16	static
../../CM7/../../CM7/Middlewares/ST/touchgfx/framework/include/touchgfx/Screen.hpp:144:18:virtual void touchgfx::Screen::handleTickEvent()	16	static
../../CM7/../../CM7/Middlewares/ST/touchgfx/framework/include/touchgfx/Screen.hpp:154:18:virtual void touchgfx::Screen::handleKeyEvent(uint8_t)	16	static
../../CM7/../../CM7/Middlewares/ST/touchgfx/framework/include/touchgfx/Screen.hpp:222:10:void touchgfx::Screen::add(touchgfx::Drawable&)	16	static
../../CM7/../../CM7/Middlewares/ST/touchgfx/framework/include/touchgfx/widgets/Widget.hpp:47:18:virtual void touchgfx::Widget::getLastChild(int16_t, int16_t, touchgfx::Drawable**)	24	static
../../CM7/../../CM7/Middlewares/ST/touchgfx/framework/include/touchgfx/widgets/Widget.hpp:36:7:touchgfx::Widget::Widget()	16	static
../../CM7/../../CM7/Middlewares/ST/touchgfx/framework/include/touchgfx/widgets/Widget.hpp:36:7:touchgfx::Widget::~Widget()	16	static
../../CM7/../../CM7/Middlewares/ST/touchgfx/framework/include/touchgfx/widgets/Widget.hpp:36:7:virtual touchgfx::Widget::~Widget()	16	static
../../CM7/../../CM7/Middlewares/ST/touchgfx/framework/include/touchgfx/widgets/Image.hpp:50:5:touchgfx::Image::Image(const touchgfx::Bitmap&)	16	static
../../CM7/../../CM7/Middlewares/ST/touchgfx/framework/include/touchgfx/TypedText.hpp:65:13:touchgfx::TypedText::~TypedText()	16	static
../../CM7/../../CM7/Middlewares/ST/touchgfx/framework/include/touchgfx/TypedText.hpp:65:13:virtual touchgfx::TypedText::~TypedText()	16	static
../../CM7/../../CM7/Middlewares/ST/touchgfx/framework/include/touchgfx/widgets/AbstractButton.hpp:32:7:touchgfx::AbstractButton::~AbstractButton()	16	static
../../CM7/../../CM7/Middlewares/ST/touchgfx/framework/include/touchgfx/widgets/AbstractButton.hpp:32:7:virtual touchgfx::AbstractButton::~AbstractButton()	16	static
../../CM7/../../CM7/Middlewares/ST/touchgfx/framework/include/touchgfx/widgets/TextArea.hpp:39:7:touchgfx::TextArea::~TextArea()	16	static
../../CM7/../../CM7/Middlewares/ST/touchgfx/framework/include/touchgfx/widgets/TextArea.hpp:39:7:virtual touchgfx::TextArea::~TextArea()	16	static
../../CM7/../../CM7/Middlewares/ST/touchgfx/framework/include/mvp/View.hpp:36:7:touchgfx::View<ListPresenter>::~View()	16	static
../../CM7/../../CM7/Middlewares/ST/touchgfx/framework/include/mvp/View.hpp:36:7:virtual touchgfx::View<ListPresenter>::~View()	16	static
../../CM7/../../CM7/TouchGFX/generated/gui_generated/include/gui_generated/list_screen/ListViewBase.hpp:21:13:ListViewBase::~ListViewBase()	16	static
../../CM7/../../CM7/TouchGFX/generated/gui_generated/include/gui_generated/list_screen/ListViewBase.hpp:21:13:virtual ListViewBase::~ListViewBase()	16	static
../../CM7/../../CM7/TouchGFX/gui/include/gui/list_screen/ListView.hpp:11:13:ListView::~ListView()	16	static
../../CM7/../../CM7/TouchGFX/gui/include/gui/list_screen/ListView.hpp:11:13:virtual ListView::~ListView()	16	static
c:\st\stm32cubeide_1.9.0\stm32cubeide\plugins\com.st.stm32cube.ide.mcu.externaltools.gnu-tools-for-stm32.10.3-2021.10.win32_1.0.0.202111181127\tools\bin\../lib/gcc/arm-none-eabi/10.3.1/../../../../arm-none-eabi/include/c++/10.3.1/arm-none-eabi/thumb/v7e-m+dp/hard/bits/gthr-default.h:229:1:int __gthread_key_delete(__gthread_key_t)	16	static
c:\st\stm32cubeide_1.9.0\stm32cubeide\plugins\com.st.stm32cube.ide.mcu.externaltools.gnu-tools-for-stm32.10.3-2021.10.win32_1.0.0.202111181127\tools\arm-none-eabi\include\c++\10.3.1\bits\basic_string.h:6679:3:std::string std::__cxx11::to_string(double)	40	static
C:/Users/davis/Desktop/github_sr_dsgn/Senior_Design_GUI/CM7/TouchGFX/gui/src/list_screen/ListView.cpp:13:1:ListView::ListView()	40	static
C:/Users/davis/Desktop/github_sr_dsgn/Senior_Design_GUI/CM7/TouchGFX/gui/src/list_screen/ListView.cpp:18:6:virtual void ListView::handleTickEvent()	72	static
C:/Users/davis/Desktop/github_sr_dsgn/Senior_Design_GUI/CM7/TouchGFX/gui/src/list_screen/ListView.cpp:39:5:int myExtraSpecialXRescaler(float)	16	static
C:/Users/davis/Desktop/github_sr_dsgn/Senior_Design_GUI/CM7/TouchGFX/gui/src/list_screen/ListView.cpp:48:5:int myExtraSpecialYRescaler(float)	16	static
C:/Users/davis/Desktop/github_sr_dsgn/Senior_Design_GUI/CM7/TouchGFX/gui/src/list_screen/ListView.cpp:58:6:virtual void ListView::setupScreen()	40	static
C:/Users/davis/Desktop/github_sr_dsgn/Senior_Design_GUI/CM7/TouchGFX/gui/src/list_screen/ListView.cpp:89:6:virtual void ListView::tearDownScreen()	16	static
c:\st\stm32cubeide_1.9.0\stm32cubeide\plugins\com.st.stm32cube.ide.mcu.externaltools.gnu-tools-for-stm32.10.3-2021.10.win32_1.0.0.202111181127\tools\arm-none-eabi\include\c++\10.3.1\ext\string_conversions.h:99:5:) [with _String = std::__cxx11::basic_string<char>; _CharT = char]	44	dynamic
c:\st\stm32cubeide_1.9.0\stm32cubeide\plugins\com.st.stm32cube.ide.mcu.externaltools.gnu-tools-for-stm32.10.3-2021.10.win32_1.0.0.202111181127\tools\arm-none-eabi\include\c++\10.3.1\bits\basic_string.h:638:9:std::__cxx11::basic_string<_CharT, _Traits, _Alloc>::basic_string(_InputIterator, _InputIterator, const _Alloc&) [with _InputIterator = char*; <template-parameter-2-2> = void; _CharT = char; _Traits = std::char_traits<char>; _Alloc = std::allocator<char>]	32	static
c:\st\stm32cubeide_1.9.0\stm32cubeide\plugins\com.st.stm32cube.ide.mcu.externaltools.gnu-tools-for-stm32.10.3-2021.10.win32_1.0.0.202111181127\tools\arm-none-eabi\include\c++\10.3.1\bits\basic_string.h:271:9:void std::__cxx11::basic_string<_CharT, _Traits, _Alloc>::_M_construct(_InIterator, _InIterator) [with _InIterator = char*; _CharT = char; _Traits = std::char_traits<char>; _Alloc = std::allocator<char>]	24	static
c:\st\stm32cubeide_1.9.0\stm32cubeide\plugins\com.st.stm32cube.ide.mcu.externaltools.gnu-tools-for-stm32.10.3-2021.10.win32_1.0.0.202111181127\tools\arm-none-eabi\include\c++\10.3.1\bits\basic_string.h:251:9:void std::__cxx11::basic_string<_CharT, _Traits, _Alloc>::_M_construct_aux(_InIterator, _InIterator, std::__false_type) [with _InIterator = char*; _CharT = char; _Traits = std::char_traits<char>; _Alloc = std::allocator<char>]	40	static
c:\st\stm32cubeide_1.9.0\stm32cubeide\plugins\com.st.stm32cube.ide.mcu.externaltools.gnu-tools-for-stm32.10.3-2021.10.win32_1.0.0.202111181127\tools\arm-none-eabi\include\c++\10.3.1\bits\basic_string.tcc:206:7:void std::__cxx11::basic_string<_CharT, _Traits, _Alloc>::_M_construct(_InIterator, _InIterator, std::forward_iterator_tag) [with _FwdIterator = char*; _CharT = char; _Traits = std::char_traits<char>; _Alloc = std::allocator<char>]	32	static
c:\st\stm32cubeide_1.9.0\stm32cubeide\plugins\com.st.stm32cube.ide.mcu.externaltools.gnu-tools-for-stm32.10.3-2021.10.win32_1.0.0.202111181127\tools\arm-none-eabi\include\c++\10.3.1\ext\type_traits.h:152:5:bool __gnu_cxx::__is_null_pointer(_Type*) [with _Type = char]	16	static
c:\st\stm32cubeide_1.9.0\stm32cubeide\plugins\com.st.stm32cube.ide.mcu.externaltools.gnu-tools-for-stm32.10.3-2021.10.win32_1.0.0.202111181127\tools\bin\../lib/gcc/arm-none-eabi/10.3.1/../../../../arm-none-eabi/include/c++/10.3.1/bits/stl_iterator_base_funcs.h:138:5:typename std::iterator_traits< <template-parameter-1-1> >::difference_type std::distance(_InputIterator, _InputIterator) [with _InputIterator = char*]	24	static
c:\st\stm32cubeide_1.9.0\stm32cubeide\plugins\com.st.stm32cube.ide.mcu.externaltools.gnu-tools-for-stm32.10.3-2021.10.win32_1.0.0.202111181127\tools\bin\../lib/gcc/arm-none-eabi/10.3.1/../../../../arm-none-eabi/include/c++/10.3.1/bits/stl_iterator_base_types.h:238:5:constexpr typename std::iterator_traits< <template-parameter-1-1> >::iterator_category std::__iterator_category(const _Iter&) [with _Iter = char*]	16	static
c:\st\stm32cubeide_1.9.0\stm32cubeide\plugins\com.st.stm32cube.ide.mcu.externaltools.gnu-tools-for-stm32.10.3-2021.10.win32_1.0.0.202111181127\tools\bin\../lib/gcc/arm-none-eabi/10.3.1/../../../../arm-none-eabi/include/c++/10.3.1/bits/stl_iterator_base_funcs.h:98:5:constexpr typename std::iterator_traits< <template-parameter-1-1> >::difference_type std::__distance(_RandomAccessIterator, _RandomAccessIterator, std::random_access_iterator_tag) [with _RandomAccessIterator = char*]	24	static
C:/Users/davis/Desktop/github_sr_dsgn/Senior_Design_GUI/CM7/TouchGFX/gui/src/list_screen/ListView.cpp:92:1:void __static_initialization_and_destruction_0(int, int)	16	static
../../CM7/../../CM7/Middlewares/ST/touchgfx/framework/include/touchgfx/containers/Container.hpp:40:7:touchgfx::Container::~Container()	16	static
../../CM7/../../CM7/Middlewares/ST/touchgfx/framework/include/touchgfx/containers/Container.hpp:40:7:virtual touchgfx::Container::~Container()	16	static
../../CM7/../../CM7/Middlewares/ST/touchgfx/framework/include/touchgfx/widgets/Box.hpp:29:7:touchgfx::Box::~Box()	16	static
../../CM7/../../CM7/Middlewares/ST/touchgfx/framework/include/touchgfx/widgets/Box.hpp:29:7:virtual touchgfx::Box::~Box()	16	static
../../CM7/../../CM7/Middlewares/ST/touchgfx/framework/include/touchgfx/widgets/Image.hpp:38:7:touchgfx::Image::~Image()	16	static
../../CM7/../../CM7/Middlewares/ST/touchgfx/framework/include/touchgfx/widgets/Image.hpp:38:7:virtual touchgfx::Image::~Image()	16	static
../../CM7/../../CM7/Middlewares/ST/touchgfx/framework/include/touchgfx/widgets/ScalableImage.hpp:35:7:touchgfx::ScalableImage::~ScalableImage()	16	static
../../CM7/../../CM7/Middlewares/ST/touchgfx/framework/include/touchgfx/widgets/ScalableImage.hpp:35:7:virtual touchgfx::ScalableImage::~ScalableImage()	16	static
../../CM7/../../CM7/Middlewares/ST/touchgfx/framework/include/touchgfx/widgets/Button.hpp:31:7:touchgfx::Button::~Button()	16	static
../../CM7/../../CM7/Middlewares/ST/touchgfx/framework/include/touchgfx/widgets/Button.hpp:31:7:virtual touchgfx::Button::~Button()	16	static
../../CM7/../../CM7/Middlewares/ST/touchgfx/framework/include/touchgfx/widgets/ButtonWithLabel.hpp:38:7:touchgfx::ButtonWithLabel::~ButtonWithLabel()	16	static
../../CM7/../../CM7/Middlewares/ST/touchgfx/framework/include/touchgfx/widgets/ButtonWithLabel.hpp:38:7:virtual touchgfx::ButtonWithLabel::~ButtonWithLabel()	16	static
../../CM7/../../CM7/Middlewares/ST/touchgfx/framework/include/touchgfx/containers/clock/AbstractClock.hpp:32:7:touchgfx::AbstractClock::~AbstractClock()	16	static
../../CM7/../../CM7/Middlewares/ST/touchgfx/framework/include/touchgfx/containers/clock/AbstractClock.hpp:32:7:virtual touchgfx::AbstractClock::~AbstractClock()	16	static
../../CM7/../../CM7/Middlewares/ST/touchgfx/framework/include/touchgfx/containers/clock/DigitalClock.hpp:37:7:touchgfx::DigitalClock::~DigitalClock()	16	static
../../CM7/../../CM7/Middlewares/ST/touchgfx/framework/include/touchgfx/containers/clock/DigitalClock.hpp:37:7:virtual touchgfx::DigitalClock::~DigitalClock()	16	static
../../CM7/../../CM7/Middlewares/ST/touchgfx/framework/include/touchgfx/widgets/TextAreaWithWildcard.hpp:34:7:touchgfx::TextAreaWithOneWildcard::~TextAreaWithOneWildcard()	16	static
../../CM7/../../CM7/Middlewares/ST/touchgfx/framework/include/touchgfx/widgets/TextAreaWithWildcard.hpp:34:7:virtual touchgfx::TextAreaWithOneWildcard::~TextAreaWithOneWildcard()	16	static
../../CM7/../../CM7/Middlewares/ST/touchgfx/framework/include/touchgfx/Callback.hpp:357:8:touchgfx::Callback<ListViewBase, const touchgfx::AbstractButton&>::~Callback()	16	static
../../CM7/../../CM7/Middlewares/ST/touchgfx/framework/include/touchgfx/Callback.hpp:357:8:virtual touchgfx::Callback<ListViewBase, const touchgfx::AbstractButton&>::~Callback()	16	static
../../CM7/../../CM7/Middlewares/ST/touchgfx/framework/include/touchgfx/Callback.hpp:138:13:touchgfx::GenericCallback<T1, void, void>::~GenericCallback() [with T1 = const touchgfx::AbstractButton&]	16	static
../../CM7/../../CM7/Middlewares/ST/touchgfx/framework/include/touchgfx/Callback.hpp:138:13:touchgfx::GenericCallback<T1, void, void>::~GenericCallback() [with T1 = const touchgfx::AbstractButton&]	16	static
../../CM7/../../CM7/Middlewares/ST/touchgfx/framework/include/touchgfx/Callback.hpp:386:18:void touchgfx::Callback<dest_type, T1, void, void>::execute(T1) [with dest_type = ListViewBase; T1 = const touchgfx::AbstractButton&]	16	static
../../CM7/../../CM7/Middlewares/ST/touchgfx/framework/include/touchgfx/Callback.hpp:396:18:bool touchgfx::Callback<dest_type, T1, void, void>::isValid() const [with dest_type = ListViewBase; T1 = const touchgfx::AbstractButton&]	16	static
C:/Users/davis/Desktop/github_sr_dsgn/Senior_Design_GUI/CM7/TouchGFX/gui/src/list_screen/ListView.cpp:92:1:cpp)	8	static
C:/Users/davis/Desktop/github_sr_dsgn/Senior_Design_GUI/CM7/TouchGFX/gui/src/list_screen/ListView.cpp:92:1:cpp)	8	static
