../../CM7/../../CM7/Middlewares/ST/touchgfx/framework/include/mvp/Presenter.hpp:37:18:virtual void touchgfx::Presenter::activate()	16	static
../../CM7/../../CM7/Middlewares/ST/touchgfx/framework/include/mvp/Presenter.hpp:47:18:virtual void touchgfx::Presenter::deactivate()	16	static
../../CM7/../../CM7/Middlewares/ST/touchgfx/framework/include/mvp/Presenter.hpp:52:13:touchgfx::Presenter::~Presenter()	16	static
../../CM7/../../CM7/Middlewares/ST/touchgfx/framework/include/mvp/Presenter.hpp:52:13:virtual touchgfx::Presenter::~Presenter()	16	static
../../CM7/../../CM7/Middlewares/ST/touchgfx/framework/include/mvp/Presenter.hpp:58:5:touchgfx::Presenter::Presenter()	16	static
../../CM7/../../CM7/TouchGFX/gui/include/gui/model/ModelListener.hpp:9:5:ModelListener::ModelListener()	16	static
../../CM7/../../CM7/TouchGFX/gui/include/gui/model/ModelListener.hpp:11:13:ModelListener::~ModelListener()	16	static
../../CM7/../../CM7/TouchGFX/gui/include/gui/model/ModelListener.hpp:11:13:virtual ModelListener::~ModelListener()	16	static
../../CM7/../../CM7/TouchGFX/gui/include/gui/pair_screen/PairPresenter.hpp:28:13:PairPresenter::~PairPresenter()	16	static
../../CM7/../../CM7/TouchGFX/gui/include/gui/pair_screen/PairPresenter.hpp:28:13:virtual PairPresenter::~PairPresenter()	16	static
C:/Users/davis/Desktop/github_sr_dsgn/Senior_Design_GUI/CM7/TouchGFX/gui/src/pair_screen/PairPresenter.cpp:4:1:PairPresenter::PairPresenter(PairView&)	16	static
C:/Users/davis/Desktop/github_sr_dsgn/Senior_Design_GUI/CM7/TouchGFX/gui/src/pair_screen/PairPresenter.cpp:10:6:virtual void PairPresenter::activate()	16	static
C:/Users/davis/Desktop/github_sr_dsgn/Senior_Design_GUI/CM7/TouchGFX/gui/src/pair_screen/PairPresenter.cpp:15:6:virtual void PairPresenter::deactivate()	16	static
