Drawable.hpp:132:23:virtual touchgfx::Drawable* touchgfx::Drawable::getFirstChild()	0	static
Drawable.hpp:298:18:virtual void touchgfx::Drawable::setX(int16_t)	0	static
Drawable.hpp:310:18:virtual void touchgfx::Drawable::setY(int16_t)	0	static
Drawable.hpp:339:18:virtual void touchgfx::Drawable::setWidth(int16_t)	0	static
Drawable.hpp:351:18:virtual void touchgfx::Drawable::setHeight(int16_t)	0	static
Drawable.hpp:361:18:virtual void touchgfx::Drawable::childGeometryChanged()	0	static
Drawable.hpp:372:18:virtual void touchgfx::Drawable::handleClickEvent(const touchgfx::ClickEvent&)	0	static
Drawable.hpp:383:18:virtual void touchgfx::Drawable::handleGestureEvent(const touchgfx::GestureEvent&)	0	static
Drawable.hpp:471:18:virtual void touchgfx::Drawable::handleDragEvent(const touchgfx::DragEvent&)	0	static
Drawable.hpp:481:18:virtual void touchgfx::Drawable::handleTickEvent()	0	static
Drawable.hpp:568:18:virtual void touchgfx::Drawable::moveTo(int16_t, int16_t)	4	static
Drawable.hpp:683:18:virtual void touchgfx::Drawable::setupDrawChain(const touchgfx::Rect&, touchgfx::Drawable**)	0	static
Container.hpp:165:23:virtual touchgfx::Drawable* touchgfx::Container::getFirstChild()	0	static
Screen.hpp:93:18:virtual void touchgfx::Screen::setupScreen()	0	static
Screen.hpp:104:18:virtual void touchgfx::Screen::afterTransition()	0	static
Screen.hpp:115:18:virtual void touchgfx::Screen::tearDownScreen()	0	static
Screen.hpp:144:18:virtual void touchgfx::Screen::handleTickEvent()	0	static
Screen.hpp:154:18:virtual void touchgfx::Screen::handleKeyEvent(uint8_t)	0	static
Widget.hpp:47:18:virtual void touchgfx::Widget::getLastChild(int16_t, int16_t, touchgfx::Drawable**)	0	static
TypedText.hpp:65:13:touchgfx::TypedText::~TypedText()	0	static
AbstractButtonContainer.hpp:114:18:virtual void touchgfx::AbstractButtonContainer::handlePressedUpdated()	0	static
AbstractButtonContainer.hpp:119:18:virtual void touchgfx::AbstractButtonContainer::handleAlphaUpdated()	0	static
AbstractButtonContainer.hpp:34:7:touchgfx::AbstractButtonContainer::~AbstractButtonContainer()	0	static
View.hpp:36:7:touchgfx::View<PairPresenter>::~View()	0	static
PairViewBase.hpp:23:13:PairViewBase::~PairViewBase()	0	static
PairViewBase.hpp:29:18:virtual void PairViewBase::updateScreen()	0	static
PairViewBase.cpp:89:6:virtual void PairViewBase::setupScreen()	0	static
ClickButtonTrigger.hpp:35:7:touchgfx::ClickButtonTrigger::~ClickButtonTrigger()	0	static
BoxWithBorderButtonStyle.hpp:123:18:void touchgfx::BoxWithBorderButtonStyle<T>::handlePressedUpdated() [with T = touchgfx::ClickButtonTrigger]	0	static
Callback.hpp:357:8:touchgfx::Callback<PairViewBase, const touchgfx::AbstractButtonContainer&>::~Callback()	0	static
Callback.hpp:357:8:touchgfx::Callback<PairViewBase, const touchgfx::AbstractButton&>::~Callback()	0	static
BoxWithBorderButtonStyle.hpp:41:7:touchgfx::BoxWithBorderButtonStyle<touchgfx::ClickButtonTrigger>::~BoxWithBorderButtonStyle()	0	static
Callback.hpp:386:18:void touchgfx::Callback<dest_type, T1, void, void>::execute(T1) [with dest_type = PairViewBase; T1 = const touchgfx::AbstractButtonContainer&]	8	static
Callback.hpp:396:18:bool touchgfx::Callback<dest_type, T1, void, void>::isValid() const [with dest_type = PairViewBase; T1 = const touchgfx::AbstractButtonContainer&]	0	static
Callback.hpp:386:18:void touchgfx::Callback<dest_type, T1, void, void>::execute(T1) [with dest_type = PairViewBase; T1 = const touchgfx::AbstractButton&]	8	static
Callback.hpp:396:18:bool touchgfx::Callback<dest_type, T1, void, void>::isValid() const [with dest_type = PairViewBase; T1 = const touchgfx::AbstractButton&]	0	static
BoxWithBorderButtonStyle.hpp:131:18:void touchgfx::BoxWithBorderButtonStyle<T>::handleAlphaUpdated() [with T = touchgfx::ClickButtonTrigger]	0	static
TypedText.hpp:65:13:virtual touchgfx::TypedText::~TypedText()	8	static
View.hpp:36:7:virtual touchgfx::View<PairPresenter>::~View()	8	static
AbstractButtonContainer.hpp:34:7:virtual touchgfx::AbstractButtonContainer::~AbstractButtonContainer()	8	static
ClickButtonTrigger.hpp:35:7:virtual touchgfx::ClickButtonTrigger::~ClickButtonTrigger()	8	static
BoxWithBorderButtonStyle.hpp:41:7:virtual touchgfx::BoxWithBorderButtonStyle<touchgfx::ClickButtonTrigger>::~BoxWithBorderButtonStyle()	8	static
Callback.hpp:357:8:virtual touchgfx::Callback<PairViewBase, const touchgfx::AbstractButton&>::~Callback()	8	static
Callback.hpp:357:8:virtual touchgfx::Callback<PairViewBase, const touchgfx::AbstractButtonContainer&>::~Callback()	8	static
PairViewBase.hpp:23:13:virtual PairViewBase::~PairViewBase()	8	static
AbstractButtonContainer.hpp:99:18:virtual void touchgfx::AbstractButtonContainer::executeAction()	8	static
ClickButtonTrigger.hpp:47:18:virtual void touchgfx::ClickButtonTrigger::handleClickEvent(const touchgfx::ClickEvent&)	16	static
PairViewBase.cpp:99:6:void PairViewBase::buttonCallbackHandler(const touchgfx::AbstractButton&)	8	static
PairViewBase.cpp:110:6:void PairViewBase::flexButtonCallbackHandler(const touchgfx::AbstractButtonContainer&)	8	static
Drawable.hpp:48:5:touchgfx::Drawable::Drawable()	0	static
Drawable.hpp:326:10:void touchgfx::Drawable::setXY(int16_t, int16_t)	16	static
Drawable.hpp:216:10:void touchgfx::Drawable::setPosition(int16_t, int16_t, int16_t, int16_t)	16	static
Box.hpp:33:5:touchgfx::Box::Box()	8	static
ButtonWithLabel.hpp:132:10:void touchgfx::ButtonWithLabel::updateTextPosition()	24	static
TextArea.hpp:42:5:touchgfx::TextArea::TextArea()	8	static
PairViewBase.cpp:9:1:PairViewBase::PairViewBase()	112	static
