Screen.hpp:104:18:virtual void touchgfx::Screen::afterTransition()	0	static
Screen.hpp:144:18:virtual void touchgfx::Screen::handleTickEvent()	0	static
Screen.hpp:154:18:virtual void touchgfx::Screen::handleKeyEvent(uint8_t)	0	static
TypedText.hpp:65:13:touchgfx::TypedText::~TypedText()	0	static
KeyboardView.hpp:12:13:KeyboardView::~KeyboardView()	0	static
KeyboardView.cpp:16:6:virtual void KeyboardView::tearDownScreen()	0	static
KeyboardView.cpp:11:6:virtual void KeyboardView::setupScreen()	0	static
KeyboardView.cpp:21:6:virtual void KeyboardView::getBuffer()	8	static
TypedText.hpp:65:13:virtual touchgfx::TypedText::~TypedText()	8	static
KeyboardView.hpp:12:13:virtual KeyboardView::~KeyboardView()	8	static
KeyboardView.cpp:5:1:KeyboardView::KeyboardView()	16	static
KeyboardView.cpp:25:1:cpp)	0	static
