MCUInstrumentation.hpp:85:22:virtual uint32_t touchgfx::MCUInstrumentation::getCCConsumed()	0	static
MCUInstrumentation.hpp:95:18:virtual void touchgfx::MCUInstrumentation::setCCConsumed(uint32_t)	0	static
STM32H7Instrumentation.cpp:42:14:virtual unsigned int touchgfx::STM32H7Instrumentation::getElapsedUS(unsigned int, unsigned int, unsigned int)	0	static
STM32H7Instrumentation.cpp:47:14:virtual unsigned int touchgfx::STM32H7Instrumentation::getCPUCycles()	0	static
STM32H7Instrumentation.hpp:9:7:touchgfx::STM32H7Instrumentation::~STM32H7Instrumentation()	0	static
STM32H7Instrumentation.cpp:11:6:virtual void touchgfx::STM32H7Instrumentation::init()	24	static
STM32H7Instrumentation.hpp:9:7:virtual touchgfx::STM32H7Instrumentation::~STM32H7Instrumentation()	8	static
STM32H7Instrumentation.cpp:52:6:virtual void touchgfx::STM32H7Instrumentation::setMCUActive(bool)	16	static
