../../CM7/../../CM7/Middlewares/ST/touchgfx/framework/include/touchgfx/Application.hpp:74:18:virtual void touchgfx::Application::appSwitchScreen(uint8_t)	0	static
../../CM7/../../CM7/Middlewares/ST/touchgfx/framework/include/touchgfx/Application.hpp:86:18:virtual void touchgfx::Application::requestRedraw(touchgfx::Rect&)	0	static
../../CM7/../../CM7/Middlewares/ST/touchgfx/framework/include/touchgfx/transitions/Transition.hpp:71:18:virtual void touchgfx::Transition::tearDown()	0	static
../../CM7/../../CM7/Middlewares/ST/touchgfx/framework/include/touchgfx/transitions/Transition.hpp:79:18:virtual void touchgfx::Transition::init()	0	static
../../CM7/../../CM7/Middlewares/ST/touchgfx/framework/include/touchgfx/transitions/Transition.hpp:99:18:virtual void touchgfx::Transition::setScreenContainer(touchgfx::Container&)	0	static
../../CM7/../../CM7/Middlewares/ST/touchgfx/framework/include/mvp/MVPApplication.hpp:43:7:touchgfx::MVPApplication::~MVPApplication()	0	static
../../CM7/../../CM7/TouchGFX/generated/gui_generated/include/gui_generated/common/FrontendApplicationBase.hpp:16:13:FrontendApplicationBase::~FrontendApplicationBase()	0	static
../../CM7/../../CM7/Middlewares/ST/touchgfx/framework/include/touchgfx/transitions/NoTransition.hpp:35:18:virtual void touchgfx::NoTransition::handleTickEvent()	0	static
../../CM7/../../CM7/Middlewares/ST/touchgfx/framework/include/touchgfx/TypedText.hpp:65:13:touchgfx::TypedText::~TypedText()	0	static
../../CM7/../../CM7/Middlewares/ST/touchgfx/framework/include/touchgfx/transitions/NoTransition.hpp:31:7:touchgfx::NoTransition::~NoTransition()	0	static
../../CM7/../../CM7/Middlewares/ST/touchgfx/framework/include/touchgfx/Callback.hpp:424:8:touchgfx::Callback<FrontendApplicationBase>::~Callback()	0	static
../../CM7/../../CM7/Middlewares/ST/touchgfx/framework/include/touchgfx/Callback.hpp:449:18:void touchgfx::Callback<dest_type, void, void, void>::execute() [with dest_type = FrontendApplicationBase]	4	static
../../CM7/../../CM7/Middlewares/ST/touchgfx/framework/include/touchgfx/Callback.hpp:459:18:bool touchgfx::Callback<dest_type, void, void, void>::isValid() const [with dest_type = FrontendApplicationBase]	0	static
../../CM7/../../CM7/Middlewares/ST/touchgfx/framework/include/touchgfx/transitions/NoTransition.hpp:31:7:virtual touchgfx::NoTransition::~NoTransition()	8	static
../../CM7/../../CM7/Middlewares/ST/touchgfx/framework/include/touchgfx/TypedText.hpp:65:13:virtual touchgfx::TypedText::~TypedText()	8	static
../../CM7/../../CM7/Middlewares/ST/touchgfx/framework/include/touchgfx/Callback.hpp:424:8:virtual touchgfx::Callback<FrontendApplicationBase>::~Callback()	8	static
../../CM7/../../CM7/Middlewares/ST/touchgfx/framework/include/mvp/MVPApplication.hpp:43:7:virtual touchgfx::MVPApplication::~MVPApplication()	8	static
../../CM7/../../CM7/TouchGFX/generated/gui_generated/include/gui_generated/common/FrontendApplicationBase.hpp:16:13:virtual FrontendApplicationBase::~FrontendApplicationBase()	8	static
../../CM7/../../CM7/Middlewares/ST/touchgfx/framework/include/touchgfx/transitions/Transition.hpp:88:18:virtual void touchgfx::Transition::invalidate()	8	static
../../CM7/../../CM7/Middlewares/ST/touchgfx/framework/include/mvp/MVPApplication.hpp:59:18:virtual void touchgfx::MVPApplication::handlePendingScreenTransition()	8	static
C:/Users/davis/Desktop/github_sr_dsgn/Senior_Design_GUI/CM7/TouchGFX/generated/gui_generated/src/common/FrontendApplicationBase.cpp:29:1:FrontendApplicationBase::FrontendApplicationBase(Model&, FrontendHeap&)	24	static
C:/Users/davis/Desktop/github_sr_dsgn/Senior_Design_GUI/CM7/TouchGFX/generated/gui_generated/src/common/FrontendApplicationBase.cpp:46:6:void FrontendApplicationBase::gotoHomeScreenNoTransition()	0	static
C:/Users/davis/Desktop/github_sr_dsgn/Senior_Design_GUI/CM7/TouchGFX/generated/gui_generated/src/common/FrontendApplicationBase.cpp:59:6:void FrontendApplicationBase::gotoListScreenNoTransition()	0	static
C:/Users/davis/Desktop/github_sr_dsgn/Senior_Design_GUI/CM7/TouchGFX/generated/gui_generated/src/common/FrontendApplicationBase.cpp:72:6:void FrontendApplicationBase::gotoStoreScreenNoTransition()	0	static
C:/Users/davis/Desktop/github_sr_dsgn/Senior_Design_GUI/CM7/TouchGFX/generated/gui_generated/src/common/FrontendApplicationBase.cpp:85:6:void FrontendApplicationBase::gotoSettingsScreenNoTransition()	0	static
C:/Users/davis/Desktop/github_sr_dsgn/Senior_Design_GUI/CM7/TouchGFX/generated/gui_generated/src/common/FrontendApplicationBase.cpp:98:6:void FrontendApplicationBase::gotoPairScreenNoTransition()	0	static
C:/Users/davis/Desktop/github_sr_dsgn/Senior_Design_GUI/CM7/TouchGFX/generated/gui_generated/src/common/FrontendApplicationBase.cpp:111:6:void FrontendApplicationBase::gotoKeyboardScreenNoTransition()	0	static
C:/Users/davis/Desktop/github_sr_dsgn/Senior_Design_GUI/CM7/TouchGFX/generated/gui_generated/src/common/FrontendApplicationBase.cpp:124:6:void FrontendApplicationBase::gotoKeyboard_1ScreenNoTransition()	0	static
../../CM7/../../CM7/Middlewares/ST/touchgfx/framework/include/common/AbstractPartition.hpp:135:8:T& touchgfx::AbstractPartition::at(uint16_t) [with T = touchgfx::NoTransition]	0	static
C:/Users/davis/Desktop/github_sr_dsgn/Senior_Design_GUI/CM7/TouchGFX/generated/gui_generated/src/common/FrontendApplicationBase.cpp:130:6:void FrontendApplicationBase::gotoKeyboard_1ScreenNoTransitionImpl()	40	static
C:/Users/davis/Desktop/github_sr_dsgn/Senior_Design_GUI/CM7/TouchGFX/generated/gui_generated/src/common/FrontendApplicationBase.cpp:117:6:void FrontendApplicationBase::gotoKeyboardScreenNoTransitionImpl()	40	static
C:/Users/davis/Desktop/github_sr_dsgn/Senior_Design_GUI/CM7/TouchGFX/generated/gui_generated/src/common/FrontendApplicationBase.cpp:104:6:void FrontendApplicationBase::gotoPairScreenNoTransitionImpl()	40	static
C:/Users/davis/Desktop/github_sr_dsgn/Senior_Design_GUI/CM7/TouchGFX/generated/gui_generated/src/common/FrontendApplicationBase.cpp:91:6:void FrontendApplicationBase::gotoSettingsScreenNoTransitionImpl()	40	static
C:/Users/davis/Desktop/github_sr_dsgn/Senior_Design_GUI/CM7/TouchGFX/generated/gui_generated/src/common/FrontendApplicationBase.cpp:78:6:void FrontendApplicationBase::gotoStoreScreenNoTransitionImpl()	40	static
C:/Users/davis/Desktop/github_sr_dsgn/Senior_Design_GUI/CM7/TouchGFX/generated/gui_generated/src/common/FrontendApplicationBase.cpp:65:6:void FrontendApplicationBase::gotoListScreenNoTransitionImpl()	40	static
C:/Users/davis/Desktop/github_sr_dsgn/Senior_Design_GUI/CM7/TouchGFX/generated/gui_generated/src/common/FrontendApplicationBase.cpp:52:6:void FrontendApplicationBase::gotoHomeScreenNoTransitionImpl()	40	static
C:/Users/davis/Desktop/github_sr_dsgn/Senior_Design_GUI/CM7/TouchGFX/generated/gui_generated/src/common/FrontendApplicationBase.cpp:133:1:cpp)	0	static
