C:/Users/davis/Desktop/github_sr_dsgn/Senior_Design_GUI/CM7/TouchGFX/generated/texts/src/TypedTextDatabase.cpp:101:43:const touchgfx::TypedText::TypedTextData* TypedTextDatabase::getInstance(touchgfx::LanguageId)	0	static
C:/Users/davis/Desktop/github_sr_dsgn/Senior_Design_GUI/CM7/TouchGFX/generated/texts/src/TypedTextDatabase.cpp:106:10:uint16_t TypedTextDatabase::getInstanceSize()	0	static
C:/Users/davis/Desktop/github_sr_dsgn/Senior_Design_GUI/CM7/TouchGFX/generated/texts/src/TypedTextDatabase.cpp:111:24:const touchgfx::Font** TypedTextDatabase::getFonts()	0	static
C:/Users/davis/Desktop/github_sr_dsgn/Senior_Design_GUI/CM7/TouchGFX/generated/texts/src/TypedTextDatabase.cpp:116:23:const touchgfx::Font* TypedTextDatabase::setFont(touchgfx::FontId, const touchgfx::Font*)	0	static
C:/Users/davis/Desktop/github_sr_dsgn/Senior_Design_GUI/CM7/TouchGFX/generated/texts/src/TypedTextDatabase.cpp:123:6:void TypedTextDatabase::resetFont(touchgfx::FontId)	8	static
C:/Users/davis/Desktop/github_sr_dsgn/Senior_Design_GUI/CM7/TouchGFX/generated/texts/src/TypedTextDatabase.cpp:150:1:cpp)	8	static
