Screen.hpp:104:18:virtual void touchgfx::Screen::afterTransition()	0	static
Screen.hpp:144:18:virtual void touchgfx::Screen::handleTickEvent()	0	static
Screen.hpp:154:18:virtual void touchgfx::Screen::handleKeyEvent(uint8_t)	0	static
ListView.hpp:11:13:ListView::~ListView()	0	static
ListView.cpp:13:6:virtual void ListView::tearDownScreen()	0	static
ListView.cpp:8:6:virtual void ListView::setupScreen()	0	static
ListView.hpp:11:13:virtual ListView::~ListView()	8	static
ListView.cpp:3:1:ListView::ListView()	8	static
