../../CM7/../../CM7/Middlewares/ST/touchgfx/framework/include/touchgfx/TypedText.hpp:65:13:touchgfx::TypedText::~TypedText()	0	static
../../CM7/../../CM7/Middlewares/ST/touchgfx/framework/include/common/Partition.hpp:58:22:uint16_t touchgfx::Partition<ListOfTypes, NUMBER_OF_ELEMENTS>::capacity() const [with ListOfTypes = touchgfx::meta::TypeList<touchgfx::NoTransition, touchgfx::meta::TypeList<touchgfx::meta::Nil, touchgfx::meta::Nil> >; short unsigned int NUMBER_OF_ELEMENTS = 1]	0	static
../../CM7/../../CM7/Middlewares/ST/touchgfx/framework/include/common/Partition.hpp:63:22:uint32_t touchgfx::Partition<ListOfTypes, NUMBER_OF_ELEMENTS>::element_size() [with ListOfTypes = touchgfx::meta::TypeList<touchgfx::NoTransition, touchgfx::meta::TypeList<touchgfx::meta::Nil, touchgfx::meta::Nil> >; short unsigned int NUMBER_OF_ELEMENTS = 1]	0	static
../../CM7/../../CM7/Middlewares/ST/touchgfx/framework/include/common/Partition.hpp:69:19:void* touchgfx::Partition<ListOfTypes, NUMBER_OF_ELEMENTS>::element(uint16_t) [with ListOfTypes = touchgfx::meta::TypeList<touchgfx::NoTransition, touchgfx::meta::TypeList<touchgfx::meta::Nil, touchgfx::meta::Nil> >; short unsigned int NUMBER_OF_ELEMENTS = 1]	0	static
../../CM7/../../CM7/Middlewares/ST/touchgfx/framework/include/common/Partition.hpp:74:25:const void* touchgfx::Partition<ListOfTypes, NUMBER_OF_ELEMENTS>::element(uint16_t) const [with ListOfTypes = touchgfx::meta::TypeList<touchgfx::NoTransition, touchgfx::meta::TypeList<touchgfx::meta::Nil, touchgfx::meta::Nil> >; short unsigned int NUMBER_OF_ELEMENTS = 1]	0	static
../../CM7/../../CM7/Middlewares/ST/touchgfx/framework/include/common/Partition.hpp:58:22:uint16_t touchgfx::Partition<ListOfTypes, NUMBER_OF_ELEMENTS>::capacity() const [with ListOfTypes = touchgfx::meta::TypeList<HomeView, touchgfx::meta::TypeList<touchgfx::meta::Nil, touchgfx::meta::Nil> >; short unsigned int NUMBER_OF_ELEMENTS = 1]	0	static
../../CM7/../../CM7/Middlewares/ST/touchgfx/framework/include/common/Partition.hpp:63:22:uint32_t touchgfx::Partition<ListOfTypes, NUMBER_OF_ELEMENTS>::element_size() [with ListOfTypes = touchgfx::meta::TypeList<HomeView, touchgfx::meta::TypeList<touchgfx::meta::Nil, touchgfx::meta::Nil> >; short unsigned int NUMBER_OF_ELEMENTS = 1]	0	static
../../CM7/../../CM7/Middlewares/ST/touchgfx/framework/include/common/Partition.hpp:69:19:void* touchgfx::Partition<ListOfTypes, NUMBER_OF_ELEMENTS>::element(uint16_t) [with ListOfTypes = touchgfx::meta::TypeList<HomeView, touchgfx::meta::TypeList<touchgfx::meta::Nil, touchgfx::meta::Nil> >; short unsigned int NUMBER_OF_ELEMENTS = 1]	0	static
../../CM7/../../CM7/Middlewares/ST/touchgfx/framework/include/common/Partition.hpp:74:25:const void* touchgfx::Partition<ListOfTypes, NUMBER_OF_ELEMENTS>::element(uint16_t) const [with ListOfTypes = touchgfx::meta::TypeList<HomeView, touchgfx::meta::TypeList<touchgfx::meta::Nil, touchgfx::meta::Nil> >; short unsigned int NUMBER_OF_ELEMENTS = 1]	0	static
../../CM7/../../CM7/Middlewares/ST/touchgfx/framework/include/common/Partition.hpp:58:22:uint16_t touchgfx::Partition<ListOfTypes, NUMBER_OF_ELEMENTS>::capacity() const [with ListOfTypes = touchgfx::meta::TypeList<Keyboard_1Presenter, touchgfx::meta::TypeList<touchgfx::meta::Nil, touchgfx::meta::Nil> >; short unsigned int NUMBER_OF_ELEMENTS = 1]	0	static
../../CM7/../../CM7/Middlewares/ST/touchgfx/framework/include/common/Partition.hpp:63:22:uint32_t touchgfx::Partition<ListOfTypes, NUMBER_OF_ELEMENTS>::element_size() [with ListOfTypes = touchgfx::meta::TypeList<Keyboard_1Presenter, touchgfx::meta::TypeList<touchgfx::meta::Nil, touchgfx::meta::Nil> >; short unsigned int NUMBER_OF_ELEMENTS = 1]	0	static
../../CM7/../../CM7/Middlewares/ST/touchgfx/framework/include/common/Partition.hpp:69:19:void* touchgfx::Partition<ListOfTypes, NUMBER_OF_ELEMENTS>::element(uint16_t) [with ListOfTypes = touchgfx::meta::TypeList<Keyboard_1Presenter, touchgfx::meta::TypeList<touchgfx::meta::Nil, touchgfx::meta::Nil> >; short unsigned int NUMBER_OF_ELEMENTS = 1]	0	static
../../CM7/../../CM7/Middlewares/ST/touchgfx/framework/include/common/Partition.hpp:74:25:const void* touchgfx::Partition<ListOfTypes, NUMBER_OF_ELEMENTS>::element(uint16_t) const [with ListOfTypes = touchgfx::meta::TypeList<Keyboard_1Presenter, touchgfx::meta::TypeList<touchgfx::meta::Nil, touchgfx::meta::Nil> >; short unsigned int NUMBER_OF_ELEMENTS = 1]	0	static
../../CM7/../../CM7/Middlewares/ST/touchgfx/framework/include/touchgfx/TypedText.hpp:65:13:virtual touchgfx::TypedText::~TypedText()	8	static
../../CM7/../../CM7/TouchGFX/generated/gui_generated/include/gui_generated/common/FrontendHeapBase.hpp:98:18:virtual void FrontendHeapBase::gotoStartScreen(FrontendApplication&)	0	static
../../CM7/../../CM7/Middlewares/ST/touchgfx/framework/include/common/Partition.hpp:42:7:touchgfx::Partition<touchgfx::meta::TypeList<touchgfx::NoTransition, touchgfx::meta::TypeList<touchgfx::meta::Nil, touchgfx::meta::Nil> >, 1>::~Partition()	8	static
../../CM7/../../CM7/Middlewares/ST/touchgfx/framework/include/common/Partition.hpp:42:7:virtual touchgfx::Partition<touchgfx::meta::TypeList<touchgfx::NoTransition, touchgfx::meta::TypeList<touchgfx::meta::Nil, touchgfx::meta::Nil> >, 1>::~Partition()	8	static
../../CM7/../../CM7/Middlewares/ST/touchgfx/framework/include/common/Partition.hpp:42:7:touchgfx::Partition<touchgfx::meta::TypeList<HomeView, touchgfx::meta::TypeList<touchgfx::meta::Nil, touchgfx::meta::Nil> >, 1>::~Partition()	8	static
../../CM7/../../CM7/Middlewares/ST/touchgfx/framework/include/common/Partition.hpp:42:7:virtual touchgfx::Partition<touchgfx::meta::TypeList<HomeView, touchgfx::meta::TypeList<touchgfx::meta::Nil, touchgfx::meta::Nil> >, 1>::~Partition()	8	static
../../CM7/../../CM7/Middlewares/ST/touchgfx/framework/include/common/Partition.hpp:42:7:touchgfx::Partition<touchgfx::meta::TypeList<Keyboard_1Presenter, touchgfx::meta::TypeList<touchgfx::meta::Nil, touchgfx::meta::Nil> >, 1>::~Partition()	8	static
../../CM7/../../CM7/Middlewares/ST/touchgfx/framework/include/common/Partition.hpp:42:7:virtual touchgfx::Partition<touchgfx::meta::TypeList<Keyboard_1Presenter, touchgfx::meta::TypeList<touchgfx::meta::Nil, touchgfx::meta::Nil> >, 1>::~Partition()	8	static
../../CM7/../../CM7/TouchGFX/gui/include/gui/common/FrontendHeap.hpp:6:7:FrontendHeap::~FrontendHeap()	8	static
../../CM7/../../CM7/TouchGFX/gui/include/gui/common/FrontendHeap.hpp:56:29:void __tcf_0()	8	static
../../CM7/../../CM7/TouchGFX/gui/include/gui/common/FrontendHeap.hpp:6:7:virtual FrontendHeap::~FrontendHeap()	8	static
C:/Users/davis/Desktop/github_sr_dsgn/Senior_Design_GUI/CM7/TouchGFX/target/generated/TouchGFXConfiguration.cpp:38:6:void touchgfx_init()	32	static
C:/Users/davis/Desktop/github_sr_dsgn/Senior_Design_GUI/CM7/TouchGFX/target/generated/TouchGFXConfiguration.cpp:58:6:void touchgfx_taskEntry()	0	static
C:/Users/davis/Desktop/github_sr_dsgn/Senior_Design_GUI/CM7/TouchGFX/target/generated/TouchGFXConfiguration.cpp:67:1:cpp)	16	static
C:/Users/davis/Desktop/github_sr_dsgn/Senior_Design_GUI/CM7/TouchGFX/target/generated/TouchGFXConfiguration.cpp:67:1:cpp)	0	static
