../../CM7/../../CM7/Middlewares/ST/touchgfx/framework/include/touchgfx/hal/HAL.hpp:124:18:virtual void touchgfx::HAL::setDisplayOrientation(touchgfx::DisplayOrientation)	0	static
../../CM7/../../CM7/Middlewares/ST/touchgfx/framework/include/touchgfx/hal/HAL.hpp:635:18:virtual bool touchgfx::HAL::sampleKey(uint8_t&)	0	static
../../CM7/../../CM7/Middlewares/ST/touchgfx/framework/include/touchgfx/hal/HAL.hpp:825:30:virtual touchgfx::FlashDataReader* touchgfx::HAL::getFlashDataReader() const	0	static
../../CM7/../../CM7/Middlewares/ST/touchgfx/framework/include/touchgfx/hal/HAL.hpp:974:18:virtual void touchgfx::HAL::taskDelay(uint16_t)	0	static
../../CM7/../../CM7/Middlewares/ST/touchgfx/framework/include/touchgfx/hal/HAL.hpp:1001:22:virtual uint16_t touchgfx::HAL::getTFTCurrentLine()	0	static
../../CM7/../../CM7/Middlewares/ST/touchgfx/framework/include/touchgfx/hal/HAL.hpp:1012:21:virtual touchgfx::DMAType touchgfx::HAL::getDMAType()	0	static
../../CM7/../../CM7/Middlewares/ST/touchgfx/framework/include/touchgfx/TypedText.hpp:65:13:touchgfx::TypedText::~TypedText()	0	static
C:/Users/davis/Desktop/github_sr_dsgn/Senior_Design_GUI/CM7/TouchGFX/target/generated/TouchGFXGeneratedHAL.cpp:42:6:virtual void TouchGFXGeneratedHAL::configureInterrupts()	0	static
C:/Users/davis/Desktop/github_sr_dsgn/Senior_Design_GUI/CM7/TouchGFX/target/generated/TouchGFXGeneratedHAL.cpp:60:6:virtual void TouchGFXGeneratedHAL::enableLCDControllerInterrupt()	0	static
C:/Users/davis/Desktop/github_sr_dsgn/Senior_Design_GUI/CM7/TouchGFX/target/generated/TouchGFXGeneratedHAL.cpp:82:11:virtual uint16_t* TouchGFXGeneratedHAL::getTFTFrameBuffer() const	0	static
C:/Users/davis/Desktop/github_sr_dsgn/Senior_Design_GUI/CM7/TouchGFX/target/generated/TouchGFXGeneratedHAL.cpp:87:6:virtual void TouchGFXGeneratedHAL::setTFTFrameBuffer(uint16_t*)	0	static
../../../CM7/TouchGFX/target/generated/TouchGFXGeneratedHAL.hpp:29:7:TouchGFXGeneratedHAL::~TouchGFXGeneratedHAL()	0	static
C:/Users/davis/Desktop/github_sr_dsgn/Senior_Design_GUI/CM7/TouchGFX/target/generated/TouchGFXGeneratedHAL.cpp:35:6:virtual void TouchGFXGeneratedHAL::initialize()	16	static
C:/Users/davis/Desktop/github_sr_dsgn/Senior_Design_GUI/CM7/TouchGFX/target/generated/TouchGFXGeneratedHAL.cpp:71:6:virtual bool TouchGFXGeneratedHAL::beginFrame()	0	static
C:/Users/davis/Desktop/github_sr_dsgn/Senior_Design_GUI/CM7/TouchGFX/target/generated/TouchGFXGeneratedHAL.cpp:76:6:virtual void TouchGFXGeneratedHAL::endFrame()	0	static
C:/Users/davis/Desktop/github_sr_dsgn/Senior_Design_GUI/CM7/TouchGFX/target/generated/TouchGFXGeneratedHAL.cpp:108:6:virtual bool TouchGFXGeneratedHAL::blockCopy(void*, const void*, uint32_t)	0	static
../../CM7/../../CM7/Middlewares/ST/touchgfx/framework/include/touchgfx/hal/HAL.hpp:603:18:virtual void touchgfx::HAL::backPorchExited()	8	static
../../../CM7/TouchGFX/target/generated/TouchGFXGeneratedHAL.hpp:105:18:virtual void TouchGFXGeneratedHAL::flushFrameBuffer()	0	static
../../CM7/../../CM7/Middlewares/ST/touchgfx/framework/include/touchgfx/TypedText.hpp:65:13:virtual touchgfx::TypedText::~TypedText()	8	static
../../../CM7/TouchGFX/target/generated/TouchGFXGeneratedHAL.hpp:29:7:virtual TouchGFXGeneratedHAL::~TouchGFXGeneratedHAL()	8	static
../../CM7/../../CM7/Middlewares/ST/touchgfx/framework/include/touchgfx/hal/HAL.hpp:298:28:virtual touchgfx::BlitOperations touchgfx::HAL::getBlitCaps()	0	static
../../CM7/../../CM7/Middlewares/ST/touchgfx/framework/include/touchgfx/hal/HAL.hpp:1122:18:virtual void touchgfx::HAL::performDisplayOrientationChange()	8	static
C:/Users/davis/Desktop/github_sr_dsgn/Senior_Design_GUI/CM7/TouchGFX/target/generated/TouchGFXGeneratedHAL.cpp:113:6:virtual void TouchGFXGeneratedHAL::InvalidateCache()	16	static,ignoring_inline_asm
C:/Users/davis/Desktop/github_sr_dsgn/Senior_Design_GUI/CM7/TouchGFX/target/generated/TouchGFXGeneratedHAL.cpp:113:6:virtual void TouchGFXGeneratedHAL::InvalidateCache()	0	static
../../CM7/../../CM7/Middlewares/ST/touchgfx/framework/include/touchgfx/hal/HAL.hpp:682:18:virtual void touchgfx::HAL::setFrameBufferStartAddresses(void*, void*, void*)	8	static
../../CM7/../../CM7/Middlewares/ST/touchgfx/framework/include/touchgfx/hal/HAL.hpp:156:18:virtual void touchgfx::HAL::setFrameBufferSize(uint16_t, uint16_t)	8	static
C:/Users/davis/Desktop/github_sr_dsgn/Senior_Design_GUI/CM7/TouchGFX/target/generated/TouchGFXGeneratedHAL.cpp:95:6:virtual void TouchGFXGeneratedHAL::flushFrameBuffer(const touchgfx::Rect&)	8	static
C:/Users/davis/Desktop/github_sr_dsgn/Senior_Design_GUI/CM7/TouchGFX/target/generated/TouchGFXGeneratedHAL.cpp:54:6:virtual void TouchGFXGeneratedHAL::disableInterrupts()	0	static,ignoring_inline_asm
C:/Users/davis/Desktop/github_sr_dsgn/Senior_Design_GUI/CM7/TouchGFX/target/generated/TouchGFXGeneratedHAL.cpp:48:6:virtual void TouchGFXGeneratedHAL::enableInterrupts()	0	static,ignoring_inline_asm
C:/Users/davis/Desktop/github_sr_dsgn/Senior_Design_GUI/CM7/TouchGFX/target/generated/TouchGFXGeneratedHAL.cpp:139:10:void HAL_LTDC_LineEventCallback(LTDC_HandleTypeDef*)	8	static
C:/Users/davis/Desktop/github_sr_dsgn/Senior_Design_GUI/CM7/TouchGFX/target/generated/TouchGFXGeneratedHAL.cpp:161:1:cpp)	0	static
