Archive member included to satisfy reference by file (symbol)

c:/st/stm32cubeide_1.8.0/stm32cubeide/plugins/com.st.stm32cube.ide.mcu.externaltools.gnu-tools-for-stm32.9-2020-q2-update.win32_2.0.0.202105311346/tools/bin/../lib/gcc/arm-none-eabi/9.3.1/../../../../arm-none-eabi/lib/thumb/v7e-m+fp/hard\libc_nano.a(lib_a-errno.o)
                              ./Application/User/Core/syscalls.o (__errno)
c:/st/stm32cubeide_1.8.0/stm32cubeide/plugins/com.st.stm32cube.ide.mcu.externaltools.gnu-tools-for-stm32.9-2020-q2-update.win32_2.0.0.202105311346/tools/bin/../lib/gcc/arm-none-eabi/9.3.1/../../../../arm-none-eabi/lib/thumb/v7e-m+fp/hard\libc_nano.a(lib_a-exit.o)
                              c:/st/stm32cubeide_1.8.0/stm32cubeide/plugins/com.st.stm32cube.ide.mcu.externaltools.gnu-tools-for-stm32.9-2020-q2-update.win32_2.0.0.202105311346/tools/bin/../lib/gcc/arm-none-eabi/9.3.1/../../../../arm-none-eabi/lib/thumb/v7e-m+fp/hard/crt0.o (exit)
c:/st/stm32cubeide_1.8.0/stm32cubeide/plugins/com.st.stm32cube.ide.mcu.externaltools.gnu-tools-for-stm32.9-2020-q2-update.win32_2.0.0.202105311346/tools/bin/../lib/gcc/arm-none-eabi/9.3.1/../../../../arm-none-eabi/lib/thumb/v7e-m+fp/hard\libc_nano.a(lib_a-impure.o)
                              c:/st/stm32cubeide_1.8.0/stm32cubeide/plugins/com.st.stm32cube.ide.mcu.externaltools.gnu-tools-for-stm32.9-2020-q2-update.win32_2.0.0.202105311346/tools/bin/../lib/gcc/arm-none-eabi/9.3.1/../../../../arm-none-eabi/lib/thumb/v7e-m+fp/hard\libc_nano.a(lib_a-exit.o) (_global_impure_ptr)
c:/st/stm32cubeide_1.8.0/stm32cubeide/plugins/com.st.stm32cube.ide.mcu.externaltools.gnu-tools-for-stm32.9-2020-q2-update.win32_2.0.0.202105311346/tools/bin/../lib/gcc/arm-none-eabi/9.3.1/../../../../arm-none-eabi/lib/thumb/v7e-m+fp/hard\libc_nano.a(lib_a-init.o)
                              c:/st/stm32cubeide_1.8.0/stm32cubeide/plugins/com.st.stm32cube.ide.mcu.externaltools.gnu-tools-for-stm32.9-2020-q2-update.win32_2.0.0.202105311346/tools/bin/../lib/gcc/arm-none-eabi/9.3.1/../../../../arm-none-eabi/lib/thumb/v7e-m+fp/hard/crt0.o (__libc_init_array)
c:/st/stm32cubeide_1.8.0/stm32cubeide/plugins/com.st.stm32cube.ide.mcu.externaltools.gnu-tools-for-stm32.9-2020-q2-update.win32_2.0.0.202105311346/tools/bin/../lib/gcc/arm-none-eabi/9.3.1/../../../../arm-none-eabi/lib/thumb/v7e-m+fp/hard\libc_nano.a(lib_a-memset.o)
                              c:/st/stm32cubeide_1.8.0/stm32cubeide/plugins/com.st.stm32cube.ide.mcu.externaltools.gnu-tools-for-stm32.9-2020-q2-update.win32_2.0.0.202105311346/tools/bin/../lib/gcc/arm-none-eabi/9.3.1/../../../../arm-none-eabi/lib/thumb/v7e-m+fp/hard/crt0.o (memset)

Allocating common symbols
Common symbol       size              file

uwTick              0x4               ./Drivers/STM32H7xx_HAL_Driver/stm32h7xx_hal.o

Discarded input sections

 .text          0x0000000000000000        0x0 c:/st/stm32cubeide_1.8.0/stm32cubeide/plugins/com.st.stm32cube.ide.mcu.externaltools.gnu-tools-for-stm32.9-2020-q2-update.win32_2.0.0.202105311346/tools/bin/../lib/gcc/arm-none-eabi/9.3.1/thumb/v7e-m+fp/hard/crti.o
 .data          0x0000000000000000        0x0 c:/st/stm32cubeide_1.8.0/stm32cubeide/plugins/com.st.stm32cube.ide.mcu.externaltools.gnu-tools-for-stm32.9-2020-q2-update.win32_2.0.0.202105311346/tools/bin/../lib/gcc/arm-none-eabi/9.3.1/thumb/v7e-m+fp/hard/crti.o
 .bss           0x0000000000000000        0x0 c:/st/stm32cubeide_1.8.0/stm32cubeide/plugins/com.st.stm32cube.ide.mcu.externaltools.gnu-tools-for-stm32.9-2020-q2-update.win32_2.0.0.202105311346/tools/bin/../lib/gcc/arm-none-eabi/9.3.1/thumb/v7e-m+fp/hard/crti.o
 .data          0x0000000000000000        0x4 c:/st/stm32cubeide_1.8.0/stm32cubeide/plugins/com.st.stm32cube.ide.mcu.externaltools.gnu-tools-for-stm32.9-2020-q2-update.win32_2.0.0.202105311346/tools/bin/../lib/gcc/arm-none-eabi/9.3.1/thumb/v7e-m+fp/hard/crtbegin.o
 .text          0x0000000000000000       0x7c c:/st/stm32cubeide_1.8.0/stm32cubeide/plugins/com.st.stm32cube.ide.mcu.externaltools.gnu-tools-for-stm32.9-2020-q2-update.win32_2.0.0.202105311346/tools/bin/../lib/gcc/arm-none-eabi/9.3.1/../../../../arm-none-eabi/lib/thumb/v7e-m+fp/hard/crt0.o
 .data          0x0000000000000000        0x0 c:/st/stm32cubeide_1.8.0/stm32cubeide/plugins/com.st.stm32cube.ide.mcu.externaltools.gnu-tools-for-stm32.9-2020-q2-update.win32_2.0.0.202105311346/tools/bin/../lib/gcc/arm-none-eabi/9.3.1/../../../../arm-none-eabi/lib/thumb/v7e-m+fp/hard/crt0.o
 .bss           0x0000000000000000        0x0 c:/st/stm32cubeide_1.8.0/stm32cubeide/plugins/com.st.stm32cube.ide.mcu.externaltools.gnu-tools-for-stm32.9-2020-q2-update.win32_2.0.0.202105311346/tools/bin/../lib/gcc/arm-none-eabi/9.3.1/../../../../arm-none-eabi/lib/thumb/v7e-m+fp/hard/crt0.o
[...]
Memory Configuration

Name             Origin             Length             Attributes
FLASH            0x0000000008100000 0x0000000000100000 xr
RAM              0x0000000010000000 0x0000000000048000 xrw
*default*        0x0000000000000000 0xffffffffffffffff

Linker script and memory map

LOAD c:/st/stm32cubeide_1.8.0/stm32cubeide/plugins/com.st.stm32cube.ide.mcu.externaltools.gnu-tools-for-stm32.9-2020-q2-update.win32_2.0.0.202105311346/tools/bin/../lib/gcc/arm-none-eabi/9.3.1/thumb/v7e-m+fp/hard/crti.o
LOAD c:/st/stm32cubeide_1.8.0/stm32cubeide/plugins/com.st.stm32cube.ide.mcu.externaltools.gnu-tools-for-stm32.9-2020-q2-update.win32_2.0.0.202105311346/tools/bin/../lib/gcc/arm-none-eabi/9.3.1/thumb/v7e-m+fp/hard/crtbegin.o
LOAD c:/st/stm32cubeide_1.8.0/stm32cubeide/plugins/com.st.stm32cube.ide.mcu.externaltools.gnu-tools-for-stm32.9-2020-q2-update.win32_2.0.0.202105311346/tools/bin/../lib/gcc/arm-none-eabi/9.3.1/../../../../arm-none-eabi/lib/thumb/v7e-m+fp/hard/crt0.o
LOAD ./Application/User/Core/main.o
LOAD ./Application/User/Core/stm32h7xx_hal_msp.o
LOAD ./Application/User/Core/stm32h7xx_it.o
LOAD ./Application/User/Core/syscalls.o
LOAD ./Application/User/Core/sysmem.o
LOAD ./Application/User/Startup/startup_stm32h745xihx.o
LOAD ./Common/system_stm32h7xx_dualcore_boot_cm4_cm7.o
LOAD ./Drivers/STM32H7xx_HAL_Driver/stm32h7xx_hal.o
LOAD ./Drivers/STM32H7xx_HAL_Driver/stm32h7xx_hal_cortex.o
LOAD ./Drivers/STM32H7xx_HAL_Driver/stm32h7xx_hal_hsem.o
LOAD ./Drivers/STM32H7xx_HAL_Driver/stm32h7xx_hal_pwr_ex.o
LOAD ./Drivers/STM32H7xx_HAL_Driver/stm32h7xx_hal_rcc.o
START GROUP
LOAD c:/st/stm32cubeide_1.8.0/stm32cubeide/plugins/com.st.stm32cube.ide.mcu.externaltools.gnu-tools-for-stm32.9-2020-q2-update.win32_2.0.0.202105311346/tools/bin/../lib/gcc/arm-none-eabi/9.3.1/../../../../arm-none-eabi/lib/thumb/v7e-m+fp/hard\libstdc++_nano.a
LOAD c:/st/stm32cubeide_1.8.0/stm32cubeide/plugins/com.st.stm32cube.ide.mcu.externaltools.gnu-tools-for-stm32.9-2020-q2-update.win32_2.0.0.202105311346/tools/bin/../lib/gcc/arm-none-eabi/9.3.1/../../../../arm-none-eabi/lib/thumb/v7e-m+fp/hard\libsupc++_nano.a
END GROUP
LOAD c:/st/stm32cubeide_1.8.0/stm32cubeide/plugins/com.st.stm32cube.ide.mcu.externaltools.gnu-tools-for-stm32.9-2020-q2-update.win32_2.0.0.202105311346/tools/bin/../lib/gcc/arm-none-eabi/9.3.1/../../../../arm-none-eabi/lib/thumb/v7e-m+fp/hard\libstdc++_nano.a
LOAD c:/st/stm32cubeide_1.8.0/stm32cubeide/plugins/com.st.stm32cube.ide.mcu.externaltools.gnu-tools-for-stm32.9-2020-q2-update.win32_2.0.0.202105311346/tools/bin/../lib/gcc/arm-none-eabi/9.3.1/../../../../arm-none-eabi/lib/thumb/v7e-m+fp/hard\libm.a
LOAD c:/st/stm32cubeide_1.8.0/stm32cubeide/plugins/com.st.stm32cube.ide.mcu.externaltools.gnu-tools-for-stm32.9-2020-q2-update.win32_2.0.0.202105311346/tools/bin/../lib/gcc/arm-none-eabi/9.3.1/../../../../arm-none-eabi/lib/thumb/v7e-m+fp/hard\libc_nano.a
START GROUP
LOAD c:/st/stm32cubeide_1.8.0/stm32cubeide/plugins/com.st.stm32cube.ide.mcu.externaltools.gnu-tools-for-stm32.9-2020-q2-update.win32_2.0.0.202105311346/tools/bin/../lib/gcc/arm-none-eabi/9.3.1/thumb/v7e-m+fp/hard\libgcc.a
LOAD c:/st/stm32cubeide_1.8.0/stm32cubeide/plugins/com.st.stm32cube.ide.mcu.externaltools.gnu-tools-for-stm32.9-2020-q2-update.win32_2.0.0.202105311346/tools/bin/../lib/gcc/arm-none-eabi/9.3.1/../../../../arm-none-eabi/lib/thumb/v7e-m+fp/hard\libc_nano.a
END GROUP
START GROUP
LOAD c:/st/stm32cubeide_1.8.0/stm32cubeide/plugins/com.st.stm32cube.ide.mcu.externaltools.gnu-tools-for-stm32.9-2020-q2-update.win32_2.0.0.202105311346/tools/bin/../lib/gcc/arm-none-eabi/9.3.1/thumb/v7e-m+fp/hard\libgcc.a
LOAD c:/st/stm32cubeide_1.8.0/stm32cubeide/plugins/com.st.stm32cube.ide.mcu.externaltools.gnu-tools-for-stm32.9-2020-q2-update.win32_2.0.0.202105311346/tools/bin/../lib/gcc/arm-none-eabi/9.3.1/../../../../arm-none-eabi/lib/thumb/v7e-m+fp/hard\libc_nano.a
LOAD c:/st/stm32cubeide_1.8.0/stm32cubeide/plugins/com.st.stm32cube.ide.mcu.externaltools.gnu-tools-for-stm32.9-2020-q2-update.win32_2.0.0.202105311346/tools/bin/../lib/gcc/arm-none-eabi/9.3.1/../../../../arm-none-eabi/lib/thumb/v7e-m+fp/hard\libnosys.a
END GROUP
START GROUP
LOAD c:/st/stm32cubeide_1.8.0/stm32cubeide/plugins/com.st.stm32cube.ide.mcu.externaltools.gnu-tools-for-stm32.9-2020-q2-update.win32_2.0.0.202105311346/tools/bin/../lib/gcc/arm-none-eabi/9.3.1/thumb/v7e-m+fp/hard\libgcc.a
LOAD c:/st/stm32cubeide_1.8.0/stm32cubeide/plugins/com.st.stm32cube.ide.mcu.externaltools.gnu-tools-for-stm32.9-2020-q2-update.win32_2.0.0.202105311346/tools/bin/../lib/gcc/arm-none-eabi/9.3.1/../../../../arm-none-eabi/lib/thumb/v7e-m+fp/hard\libc_nano.a
LOAD c:/st/stm32cubeide_1.8.0/stm32cubeide/plugins/com.st.stm32cube.ide.mcu.externaltools.gnu-tools-for-stm32.9-2020-q2-update.win32_2.0.0.202105311346/tools/bin/../lib/gcc/arm-none-eabi/9.3.1/../../../../arm-none-eabi/lib/thumb/v7e-m+fp/hard\libnosys.a
END GROUP
LOAD c:/st/stm32cubeide_1.8.0/stm32cubeide/plugins/com.st.stm32cube.ide.mcu.externaltools.gnu-tools-for-stm32.9-2020-q2-update.win32_2.0.0.202105311346/tools/bin/../lib/gcc/arm-none-eabi/9.3.1/thumb/v7e-m+fp/hard/crtend.o
LOAD c:/st/stm32cubeide_1.8.0/stm32cubeide/plugins/com.st.stm32cube.ide.mcu.externaltools.gnu-tools-for-stm32.9-2020-q2-update.win32_2.0.0.202105311346/tools/bin/../lib/gcc/arm-none-eabi/9.3.1/thumb/v7e-m+fp/hard/crtn.o
                0x0000000010048000                _estack = (ORIGIN (RAM) + LENGTH (RAM))
                0x0000000000000200                _Min_Heap_Size = 0x200
                0x0000000000000400                _Min_Stack_Size = 0x400

.isr_vector     0x0000000008100000      0x298
                0x0000000008100000                . = ALIGN (0x4)
 *(.isr_vector)
 .isr_vector    0x0000000008100000      0x298 ./Application/User/Startup/startup_stm32h745xihx.o
                0x0000000008100000                g_pfnVectors
                0x0000000008100298                . = ALIGN (0x4)

.text           0x0000000008100298      0x998
                0x0000000008100298                . = ALIGN (0x4)
 *(.text)
 .text          0x0000000008100298       0x40 c:/st/stm32cubeide_1.8.0/stm32cubeide/plugins/com.st.stm32cube.ide.mcu.externaltools.gnu-tools-for-stm32.9-2020-q2-update.win32_2.0.0.202105311346/tools/bin/../lib/gcc/arm-none-eabi/9.3.1/thumb/v7e-m+fp/hard/crtbegin.o
 *(.text*)
 .text.main     0x00000000081002d8       0x7c ./Application/User/Core/main.o
                0x00000000081002d8                main
 .text.HAL_MspInit
                0x0000000008100354       0x34 ./Application/User/Core/stm32h7xx_hal_msp.o
                0x0000000008100354                HAL_MspInit
 .text.NMI_Handler
                0x0000000008100388        0x6 ./Application/User/Core/stm32h7xx_it.o
                0x0000000008100388                NMI_Handler
 .text.HardFault_Handler
                0x000000000810038e        0x6 ./Application/User/Core/stm32h7xx_it.o
                0x000000000810038e                HardFault_Handler
 .text.MemManage_Handler
                0x0000000008100394        0x6 ./Application/User/Core/stm32h7xx_it.o
                0x0000000008100394                MemManage_Handler
 .text.BusFault_Handler
                0x000000000810039a        0x6 ./Application/User/Core/stm32h7xx_it.o
                0x000000000810039a                BusFault_Handler
 .text.UsageFault_Handler
                0x00000000081003a0        0x6 ./Application/User/Core/stm32h7xx_it.o
                0x00000000081003a0                UsageFault_Handler
 .text.SVC_Handler
                0x00000000081003a6        0xe ./Application/User/Core/stm32h7xx_it.o
                0x00000000081003a6                SVC_Handler
 .text.DebugMon_Handler
                0x00000000081003b4        0xe ./Application/User/Core/stm32h7xx_it.o
                0x00000000081003b4                DebugMon_Handler
 .text.PendSV_Handler
                0x00000000081003c2        0xe ./Application/User/Core/stm32h7xx_it.o
                0x00000000081003c2                PendSV_Handler
 .text.SysTick_Handler
                0x00000000081003d0        0xc ./Application/User/Core/stm32h7xx_it.o
                0x00000000081003d0                SysTick_Handler
 .text.Reset_Handler
                0x00000000081003dc       0x50 ./Application/User/Startup/startup_stm32h745xihx.o
                0x00000000081003dc                Reset_Handler
 .text.Default_Handler
                0x000000000810042c        0x2 ./Application/User/Startup/startup_stm32h745xihx.o
                0x000000000810042c                RTC_Alarm_IRQHandler
                0x000000000810042c                EXTI2_IRQHandler
                0x000000000810042c                TIM8_CC_IRQHandler
                0x000000000810042c                HRTIM1_Master_IRQHandler
                0x000000000810042c                UART8_IRQHandler
                0x000000000810042c                SPI4_IRQHandler
                0x000000000810042c                TIM1_CC_IRQHandler
                0x000000000810042c                BDMA_Channel6_IRQHandler
                0x000000000810042c                DMA2_Stream5_IRQHandler
                0x000000000810042c                HRTIM1_FLT_IRQHandler
                0x000000000810042c                JPEG_IRQHandler
                0x000000000810042c                DMA1_Stream5_IRQHandler
                0x000000000810042c                BDMA_Channel1_IRQHandler
                0x000000000810042c                HRTIM1_TIMD_IRQHandler
                0x000000000810042c                TAMP_STAMP_IRQHandler
                0x000000000810042c                EXTI3_IRQHandler
                0x000000000810042c                LPTIM4_IRQHandler
                0x000000000810042c                TIM8_TRG_COM_TIM14_IRQHandler
                0x000000000810042c                LPTIM2_IRQHandler
                0x000000000810042c                DFSDM1_FLT1_IRQHandler
                0x000000000810042c                DMAMUX2_OVR_IRQHandler
                0x000000000810042c                TIM8_UP_TIM13_IRQHandler
                0x000000000810042c                I2C3_ER_IRQHandler
                0x000000000810042c                DFSDM1_FLT2_IRQHandler
                0x000000000810042c                MDMA_IRQHandler
                0x000000000810042c                LPTIM3_IRQHandler
                0x000000000810042c                HSEM1_IRQHandler
                0x000000000810042c                EXTI0_IRQHandler
                0x000000000810042c                I2C2_EV_IRQHandler
                0x000000000810042c                DMA1_Stream2_IRQHandler
                0x000000000810042c                FPU_IRQHandler
                0x000000000810042c                OTG_HS_WKUP_IRQHandler
                0x000000000810042c                FDCAN1_IT1_IRQHandler
                0x000000000810042c                LTDC_ER_IRQHandler
                0x000000000810042c                DMA2_Stream2_IRQHandler
                0x000000000810042c                HRTIM1_TIME_IRQHandler
                0x000000000810042c                SPI1_IRQHandler
                0x000000000810042c                TIM6_DAC_IRQHandler
                0x000000000810042c                DCMI_IRQHandler
                0x000000000810042c                HRTIM1_TIMC_IRQHandler
                0x000000000810042c                DMA2_Stream3_IRQHandler
                0x000000000810042c                SAI2_IRQHandler
                0x000000000810042c                DFSDM1_FLT3_IRQHandler
                0x000000000810042c                USART6_IRQHandler
                0x000000000810042c                TIM17_IRQHandler
                0x000000000810042c                USART3_IRQHandler
                0x000000000810042c                BDMA_Channel7_IRQHandler
                0x000000000810042c                LPTIM5_IRQHandler
                0x000000000810042c                UART5_IRQHandler
                0x000000000810042c                ADC3_IRQHandler
                0x000000000810042c                DMA2_Stream0_IRQHandler
                0x000000000810042c                TIM4_IRQHandler
                0x000000000810042c                BDMA_Channel2_IRQHandler
                0x000000000810042c                QUADSPI_IRQHandler
                0x000000000810042c                I2C1_EV_IRQHandler
                0x000000000810042c                DMA1_Stream6_IRQHandler
                0x000000000810042c                DMAMUX1_OVR_IRQHandler
                0x000000000810042c                DMA1_Stream1_IRQHandler
                0x000000000810042c                TIM16_IRQHandler
                0x000000000810042c                UART4_IRQHandler
                0x000000000810042c                BDMA_Channel5_IRQHandler
                0x000000000810042c                TIM3_IRQHandler
                0x000000000810042c                RCC_IRQHandler
                0x000000000810042c                TIM8_BRK_TIM12_IRQHandler
                0x000000000810042c                TIM1_TRG_COM_IRQHandler
                0x000000000810042c                Default_Handler
                0x000000000810042c                ECC_IRQHandler
                0x000000000810042c                CEC_IRQHandler
                0x000000000810042c                EXTI15_10_IRQHandler
                0x000000000810042c                BDMA_Channel0_IRQHandler
                0x000000000810042c                ADC_IRQHandler
                0x000000000810042c                DMA1_Stream7_IRQHandler
                0x000000000810042c                HRTIM1_TIMA_IRQHandler
                0x000000000810042c                SPI5_IRQHandler
                0x000000000810042c                TIM7_IRQHandler
                0x000000000810042c                SDMMC1_IRQHandler
                0x000000000810042c                TIM5_IRQHandler
                0x000000000810042c                DMA2_Stream7_IRQHandler
                0x000000000810042c                TIM15_IRQHandler
                0x000000000810042c                PVD_AVD_IRQHandler
                0x000000000810042c                I2C3_EV_IRQHandler
                0x000000000810042c                EXTI9_5_IRQHandler
                0x000000000810042c                RTC_WKUP_IRQHandler
                0x000000000810042c                LTDC_IRQHandler
                0x000000000810042c                SAI3_IRQHandler
                0x000000000810042c                ETH_WKUP_IRQHandler
                0x000000000810042c                SPDIF_RX_IRQHandler
                0x000000000810042c                SPI2_IRQHandler
                0x000000000810042c                OTG_HS_EP1_IN_IRQHandler
                0x000000000810042c                DMA1_Stream0_IRQHandler
                0x000000000810042c                CRS_IRQHandler
                0x000000000810042c                CM7_SEV_IRQHandler
                0x000000000810042c                EXTI4_IRQHandler
                0x000000000810042c                RNG_IRQHandler
                0x000000000810042c                CM4_SEV_IRQHandler
                0x000000000810042c                HRTIM1_TIMB_IRQHandler
                0x000000000810042c                FDCAN2_IT1_IRQHandler
                0x000000000810042c                ETH_IRQHandler
                0x000000000810042c                TIM1_UP_IRQHandler
                0x000000000810042c                WWDG_RST_IRQHandler
                0x000000000810042c                BDMA_Channel4_IRQHandler
                0x000000000810042c                OTG_HS_EP1_OUT_IRQHandler
                0x000000000810042c                WWDG_IRQHandler
                0x000000000810042c                SPI6_IRQHandler
                0x000000000810042c                MDIOS_IRQHandler
                0x000000000810042c                I2C4_EV_IRQHandler
                0x000000000810042c                FDCAN2_IT0_IRQHandler
                0x000000000810042c                LPUART1_IRQHandler
                0x000000000810042c                FDCAN1_IT0_IRQHandler
                0x000000000810042c                TIM2_IRQHandler
                0x000000000810042c                OTG_FS_WKUP_IRQHandler
                0x000000000810042c                OTG_HS_IRQHandler
                0x000000000810042c                HSEM2_IRQHandler
                0x000000000810042c                DMA2D_IRQHandler
                0x000000000810042c                TIM1_BRK_IRQHandler
                0x000000000810042c                EXTI1_IRQHandler
                0x000000000810042c                SDMMC2_IRQHandler
                0x000000000810042c                OTG_FS_EP1_OUT_IRQHandler
                0x000000000810042c                BDMA_Channel3_IRQHandler
                0x000000000810042c                HOLD_CORE_IRQHandler
                0x000000000810042c                UART7_IRQHandler
                0x000000000810042c                MDIOS_WKUP_IRQHandler
                0x000000000810042c                USART2_IRQHandler
                0x000000000810042c                DFSDM1_FLT0_IRQHandler
                0x000000000810042c                SAI4_IRQHandler
                0x000000000810042c                I2C2_ER_IRQHandler
                0x000000000810042c                DMA2_Stream1_IRQHandler
                0x000000000810042c                FLASH_IRQHandler
                0x000000000810042c                DMA2_Stream4_IRQHandler
                0x000000000810042c                USART1_IRQHandler
                0x000000000810042c                OTG_FS_IRQHandler
                0x000000000810042c                SPI3_IRQHandler
                0x000000000810042c                WAKEUP_PIN_IRQHandler
                0x000000000810042c                DMA1_Stream4_IRQHandler
                0x000000000810042c                OTG_FS_EP1_IN_IRQHandler
                0x000000000810042c                I2C1_ER_IRQHandler
                0x000000000810042c                FMC_IRQHandler
                0x000000000810042c                FDCAN_CAL_IRQHandler
                0x000000000810042c                SWPMI1_IRQHandler
                0x000000000810042c                COMP1_IRQHandler
                0x000000000810042c                LPTIM1_IRQHandler
                0x000000000810042c                I2C4_ER_IRQHandler
                0x000000000810042c                DMA2_Stream6_IRQHandler
                0x000000000810042c                SAI1_IRQHandler
                0x000000000810042c                DMA1_Stream3_IRQHandler
 *fill*         0x000000000810042e        0x2 
 .text.SystemInit
                0x0000000008100430       0x38 ./Common/system_stm32h7xx_dualcore_boot_cm4_cm7.o
                0x0000000008100430                SystemInit
 .text.HAL_Init
                0x0000000008100468       0xbc ./Drivers/STM32H7xx_HAL_Driver/stm32h7xx_hal.o
                0x0000000008100468                HAL_Init
 .text.HAL_InitTick
                0x0000000008100524       0x6c ./Drivers/STM32H7xx_HAL_Driver/stm32h7xx_hal.o
                0x0000000008100524                HAL_InitTick
 .text.HAL_IncTick
                0x0000000008100590       0x28 ./Drivers/STM32H7xx_HAL_Driver/stm32h7xx_hal.o
                0x0000000008100590                HAL_IncTick
 .text.__NVIC_SetPriorityGrouping
                0x00000000081005b8       0x48 ./Drivers/STM32H7xx_HAL_Driver/stm32h7xx_hal_cortex.o
 .text.__NVIC_GetPriorityGrouping
                0x0000000008100600       0x1c ./Drivers/STM32H7xx_HAL_Driver/stm32h7xx_hal_cortex.o
 .text.__NVIC_SetPriority
                0x000000000810061c       0x54 ./Drivers/STM32H7xx_HAL_Driver/stm32h7xx_hal_cortex.o
 .text.NVIC_EncodePriority
                0x0000000008100670       0x66 ./Drivers/STM32H7xx_HAL_Driver/stm32h7xx_hal_cortex.o
 *fill*         0x00000000081006d6        0x2 
 .text.SysTick_Config
                0x00000000081006d8       0x44 ./Drivers/STM32H7xx_HAL_Driver/stm32h7xx_hal_cortex.o
 .text.HAL_NVIC_SetPriorityGrouping
                0x000000000810071c       0x16 ./Drivers/STM32H7xx_HAL_Driver/stm32h7xx_hal_cortex.o
                0x000000000810071c                HAL_NVIC_SetPriorityGrouping
 .text.HAL_NVIC_SetPriority
                0x0000000008100732       0x34 ./Drivers/STM32H7xx_HAL_Driver/stm32h7xx_hal_cortex.o
                0x0000000008100732                HAL_NVIC_SetPriority
 .text.HAL_SYSTICK_Config
                0x0000000008100766       0x18 ./Drivers/STM32H7xx_HAL_Driver/stm32h7xx_hal_cortex.o
                0x0000000008100766                HAL_SYSTICK_Config
 *fill*         0x000000000810077e        0x2 
 .text.HAL_GetCurrentCPUID
                0x0000000008100780       0x28 ./Drivers/STM32H7xx_HAL_Driver/stm32h7xx_hal_cortex.o
                0x0000000008100780                HAL_GetCurrentCPUID
 .text.HAL_HSEM_ActivateNotification
                0x00000000081007a8       0x24 ./Drivers/STM32H7xx_HAL_Driver/stm32h7xx_hal_hsem.o
                0x00000000081007a8                HAL_HSEM_ActivateNotification
 .text.HAL_PWREx_EnterSTOPMode
                0x00000000081007cc       0xf4 ./Drivers/STM32H7xx_HAL_Driver/stm32h7xx_hal_pwr_ex.o
                0x00000000081007cc                HAL_PWREx_EnterSTOPMode
 .text.HAL_PWREx_ClearPendingEvent
                0x00000000081008c0       0x1a ./Drivers/STM32H7xx_HAL_Driver/stm32h7xx_hal_pwr_ex.o
                0x00000000081008c0                HAL_PWREx_ClearPendingEvent
 *fill*         0x00000000081008da        0x2 
 .text.HAL_RCC_GetSysClockFreq
                0x00000000081008dc      0x2f4 ./Drivers/STM32H7xx_HAL_Driver/stm32h7xx_hal_rcc.o
                0x00000000081008dc                HAL_RCC_GetSysClockFreq
 .text.__libc_init_array
                0x0000000008100bd0       0x48 c:/st/stm32cubeide_1.8.0/stm32cubeide/plugins/com.st.stm32cube.ide.mcu.externaltools.gnu-tools-for-stm32.9-2020-q2-update.win32_2.0.0.202105311346/tools/bin/../lib/gcc/arm-none-eabi/9.3.1/../../../../arm-none-eabi/lib/thumb/v7e-m+fp/hard\libc_nano.a(lib_a-init.o)
                0x0000000008100bd0                __libc_init_array
 *(.glue_7)
 .glue_7        0x0000000008100c18        0x0 linker stubs
 *(.glue_7t)
 .glue_7t       0x0000000008100c18        0x0 linker stubs
 *(.eh_frame)
 .eh_frame      0x0000000008100c18        0x0 c:/st/stm32cubeide_1.8.0/stm32cubeide/plugins/com.st.stm32cube.ide.mcu.externaltools.gnu-tools-for-stm32.9-2020-q2-update.win32_2.0.0.202105311346/tools/bin/../lib/gcc/arm-none-eabi/9.3.1/thumb/v7e-m+fp/hard/crtbegin.o
 *(.init)
 .init          0x0000000008100c18        0x4 c:/st/stm32cubeide_1.8.0/stm32cubeide/plugins/com.st.stm32cube.ide.mcu.externaltools.gnu-tools-for-stm32.9-2020-q2-update.win32_2.0.0.202105311346/tools/bin/../lib/gcc/arm-none-eabi/9.3.1/thumb/v7e-m+fp/hard/crti.o
                0x0000000008100c18                _init
 .init          0x0000000008100c1c        0x8 c:/st/stm32cubeide_1.8.0/stm32cubeide/plugins/com.st.stm32cube.ide.mcu.externaltools.gnu-tools-for-stm32.9-2020-q2-update.win32_2.0.0.202105311346/tools/bin/../lib/gcc/arm-none-eabi/9.3.1/thumb/v7e-m+fp/hard/crtn.o
 *(.fini)
 .fini          0x0000000008100c24        0x4 c:/st/stm32cubeide_1.8.0/stm32cubeide/plugins/com.st.stm32cube.ide.mcu.externaltools.gnu-tools-for-stm32.9-2020-q2-update.win32_2.0.0.202105311346/tools/bin/../lib/gcc/arm-none-eabi/9.3.1/thumb/v7e-m+fp/hard/crti.o
                0x0000000008100c24                _fini
 .fini          0x0000000008100c28        0x8 c:/st/stm32cubeide_1.8.0/stm32cubeide/plugins/com.st.stm32cube.ide.mcu.externaltools.gnu-tools-for-stm32.9-2020-q2-update.win32_2.0.0.202105311346/tools/bin/../lib/gcc/arm-none-eabi/9.3.1/thumb/v7e-m+fp/hard/crtn.o
                0x0000000008100c30                . = ALIGN (0x4)
                0x0000000008100c30                _etext = .

.vfp11_veneer   0x0000000008100c30        0x0
 .vfp11_veneer  0x0000000008100c30        0x0 linker stubs

.v4_bx          0x0000000008100c30        0x0
 .v4_bx         0x0000000008100c30        0x0 linker stubs

.iplt           0x0000000008100c30        0x0
 .iplt          0x0000000008100c30        0x0 c:/st/stm32cubeide_1.8.0/stm32cubeide/plugins/com.st.stm32cube.ide.mcu.externaltools.gnu-tools-for-stm32.9-2020-q2-update.win32_2.0.0.202105311346/tools/bin/../lib/gcc/arm-none-eabi/9.3.1/thumb/v7e-m+fp/hard/crtbegin.o

.rodata         0x0000000008100c30       0x10
                0x0000000008100c30                . = ALIGN (0x4)
 *(.rodata)
 *(.rodata*)
 .rodata.D1CorePrescTable
                0x0000000008100c30       0x10 ./Common/system_stm32h7xx_dualcore_boot_cm4_cm7.o
                0x0000000008100c30                D1CorePrescTable
                0x0000000008100c40                . = ALIGN (0x4)

.rel.dyn        0x0000000008100c40        0x0
 .rel.iplt      0x0000000008100c40        0x0 c:/st/stm32cubeide_1.8.0/stm32cubeide/plugins/com.st.stm32cube.ide.mcu.externaltools.gnu-tools-for-stm32.9-2020-q2-update.win32_2.0.0.202105311346/tools/bin/../lib/gcc/arm-none-eabi/9.3.1/thumb/v7e-m+fp/hard/crtbegin.o

.ARM.extab
 *(.ARM.extab* .gnu.linkonce.armextab.*)

.ARM            0x0000000008100c40        0x0
                0x0000000008100c40                __exidx_start = .
 *(.ARM.exidx*)
                0x0000000008100c40                __exidx_end = .

.preinit_array  0x0000000008100c40        0x0
                0x0000000008100c40                PROVIDE (__preinit_array_start = .)
 *(.preinit_array*)
                0x0000000008100c40                PROVIDE (__preinit_array_end = .)

.init_array     0x0000000008100c40        0x4
                0x0000000008100c40                PROVIDE (__init_array_start = .)
 *(SORT_BY_NAME(.init_array.*))
 *(.init_array*)
 .init_array    0x0000000008100c40        0x4 c:/st/stm32cubeide_1.8.0/stm32cubeide/plugins/com.st.stm32cube.ide.mcu.externaltools.gnu-tools-for-stm32.9-2020-q2-update.win32_2.0.0.202105311346/tools/bin/../lib/gcc/arm-none-eabi/9.3.1/thumb/v7e-m+fp/hard/crtbegin.o
                0x0000000008100c44                PROVIDE (__init_array_end = .)

.fini_array     0x0000000008100c44        0x4
                [!provide]                        PROVIDE (__fini_array_start = .)
 *(SORT_BY_NAME(.fini_array.*))
 *(.fini_array*)
 .fini_array    0x0000000008100c44        0x4 c:/st/stm32cubeide_1.8.0/stm32cubeide/plugins/com.st.stm32cube.ide.mcu.externaltools.gnu-tools-for-stm32.9-2020-q2-update.win32_2.0.0.202105311346/tools/bin/../lib/gcc/arm-none-eabi/9.3.1/thumb/v7e-m+fp/hard/crtbegin.o
                [!provide]                        PROVIDE (__fini_array_end = .)
                0x0000000008100c48                _sidata = LOADADDR (.data)

.data           0x0000000010000000       0x10 load address 0x0000000008100c48
                0x0000000010000000                . = ALIGN (0x4)
                0x0000000010000000                _sdata = .
 *(.data)
 *(.data*)
 .data.SystemCoreClock
                0x0000000010000000        0x4 ./Common/system_stm32h7xx_dualcore_boot_cm4_cm7.o
                0x0000000010000000                SystemCoreClock
 .data.SystemD2Clock
                0x0000000010000004        0x4 ./Common/system_stm32h7xx_dualcore_boot_cm4_cm7.o
                0x0000000010000004                SystemD2Clock
 .data.uwTickPrio
                0x0000000010000008        0x4 ./Drivers/STM32H7xx_HAL_Driver/stm32h7xx_hal.o
                0x0000000010000008                uwTickPrio
 .data.uwTickFreq
                0x000000001000000c        0x1 ./Drivers/STM32H7xx_HAL_Driver/stm32h7xx_hal.o
                0x000000001000000c                uwTickFreq
 *(.RamFunc)
 *(.RamFunc*)
                0x0000000010000010                . = ALIGN (0x4)
 *fill*         0x000000001000000d        0x3 
                0x0000000010000010                _edata = .

.igot.plt       0x0000000010000010        0x0 load address 0x0000000008100c58
 .igot.plt      0x0000000010000010        0x0 c:/st/stm32cubeide_1.8.0/stm32cubeide/plugins/com.st.stm32cube.ide.mcu.externaltools.gnu-tools-for-stm32.9-2020-q2-update.win32_2.0.0.202105311346/tools/bin/../lib/gcc/arm-none-eabi/9.3.1/thumb/v7e-m+fp/hard/crtbegin.o
                0x0000000010000010                . = ALIGN (0x4)

.bss            0x0000000010000010       0x20 load address 0x0000000008100c58
                0x0000000010000010                _sbss = .
                0x0000000010000010                __bss_start__ = _sbss
 *(.bss)
 .bss           0x0000000010000010       0x1c c:/st/stm32cubeide_1.8.0/stm32cubeide/plugins/com.st.stm32cube.ide.mcu.externaltools.gnu-tools-for-stm32.9-2020-q2-update.win32_2.0.0.202105311346/tools/bin/../lib/gcc/arm-none-eabi/9.3.1/thumb/v7e-m+fp/hard/crtbegin.o
 *(.bss*)
 *(COMMON)
 COMMON         0x000000001000002c        0x4 ./Drivers/STM32H7xx_HAL_Driver/stm32h7xx_hal.o
                0x000000001000002c                uwTick
                0x0000000010000030                . = ALIGN (0x4)
                0x0000000010000030                _ebss = .
                0x0000000010000030                __bss_end__ = _ebss

._user_heap_stack
                0x0000000010000030      0x600 load address 0x0000000008100c58
                0x0000000010000030                . = ALIGN (0x8)
                [!provide]                        PROVIDE (end = .)
                0x0000000010000030                PROVIDE (_end = .)
                0x0000000010000230                . = (. + _Min_Heap_Size)
 *fill*         0x0000000010000030      0x200 
                0x0000000010000630                . = (. + _Min_Stack_Size)
 *fill*         0x0000000010000230      0x400 
                0x0000000010000630                . = ALIGN (0x8)

/DISCARD/
 libc.a(*)
 libm.a(*)
 libgcc.a(*)

.ARM.attributes
                0x0000000000000000       0x30
 *(.ARM.attributes)
 .ARM.attributes
                0x0000000000000000       0x1e c:/st/stm32cubeide_1.8.0/stm32cubeide/plugins/com.st.stm32cube.ide.mcu.externaltools.gnu-tools-for-stm32.9-2020-q2-update.win32_2.0.0.202105311346/tools/bin/../lib/gcc/arm-none-eabi/9.3.1/thumb/v7e-m+fp/hard/crti.o
 .ARM.attributes
                0x000000000000001e       0x34 c:/st/stm32cubeide_1.8.0/stm32cubeide/plugins/com.st.stm32cube.ide.mcu.externaltools.gnu-tools-for-stm32.9-2020-q2-update.win32_2.0.0.202105311346/tools/bin/../lib/gcc/arm-none-eabi/9.3.1/thumb/v7e-m+fp/hard/crtbegin.o
 .ARM.attributes
                0x0000000000000052       0x34 ./Application/User/Core/main.o
 .ARM.attributes
                0x0000000000000086       0x34 ./Application/User/Core/stm32h7xx_hal_msp.o
 .ARM.attributes
                0x00000000000000ba       0x34 ./Application/User/Core/stm32h7xx_it.o
 .ARM.attributes
                0x00000000000000ee       0x21 ./Application/User/Startup/startup_stm32h745xihx.o
 .ARM.attributes
                0x000000000000010f       0x34 ./Common/system_stm32h7xx_dualcore_boot_cm4_cm7.o
 .ARM.attributes
                0x0000000000000143       0x34 ./Drivers/STM32H7xx_HAL_Driver/stm32h7xx_hal.o
 .ARM.attributes
                0x0000000000000177       0x34 ./Drivers/STM32H7xx_HAL_Driver/stm32h7xx_hal_cortex.o
 .ARM.attributes
                0x00000000000001ab       0x34 ./Drivers/STM32H7xx_HAL_Driver/stm32h7xx_hal_hsem.o
 .ARM.attributes
                0x00000000000001df       0x34 ./Drivers/STM32H7xx_HAL_Driver/stm32h7xx_hal_pwr_ex.o
 .ARM.attributes
                0x0000000000000213       0x34 ./Drivers/STM32H7xx_HAL_Driver/stm32h7xx_hal_rcc.o
 .ARM.attributes
                0x0000000000000247       0x34 c:/st/stm32cubeide_1.8.0/stm32cubeide/plugins/com.st.stm32cube.ide.mcu.externaltools.gnu-tools-for-stm32.9-2020-q2-update.win32_2.0.0.202105311346/tools/bin/../lib/gcc/arm-none-eabi/9.3.1/../../../../arm-none-eabi/lib/thumb/v7e-m+fp/hard\libc_nano.a(lib_a-init.o)
 .ARM.attributes
                0x000000000000027b       0x1e c:/st/stm32cubeide_1.8.0/stm32cubeide/plugins/com.st.stm32cube.ide.mcu.externaltools.gnu-tools-for-stm32.9-2020-q2-update.win32_2.0.0.202105311346/tools/bin/../lib/gcc/arm-none-eabi/9.3.1/thumb/v7e-m+fp/hard/crtn.o
OUTPUT(stm32h745i_disco_CM4.elf elf32-littlearm)
LOAD linker stubs
LOAD c:/st/stm32cubeide_1.8.0/stm32cubeide/plugins/com.st.stm32cube.ide.mcu.externaltools.gnu-tools-for-stm32.9-2020-q2-update.win32_2.0.0.202105311346/tools/bin/../lib/gcc/arm-none-eabi/9.3.1/../../../../arm-none-eabi/lib/thumb/v7e-m+fp/hard\libc.a
LOAD c:/st/stm32cubeide_1.8.0/stm32cubeide/plugins/com.st.stm32cube.ide.mcu.externaltools.gnu-tools-for-stm32.9-2020-q2-update.win32_2.0.0.202105311346/tools/bin/../lib/gcc/arm-none-eabi/9.3.1/../../../../arm-none-eabi/lib/thumb/v7e-m+fp/hard\libm.a
LOAD c:/st/stm32cubeide_1.8.0/stm32cubeide/plugins/com.st.stm32cube.ide.mcu.externaltools.gnu-tools-for-stm32.9-2020-q2-update.win32_2.0.0.202105311346/tools/bin/../lib/gcc/arm-none-eabi/9.3.1/thumb/v7e-m+fp/hard\libgcc.a

.debug_info     0x0000000000000000     0xbe0d
 .debug_info    0x0000000000000000     0x122a ./Application/User/Core/main.o
 .debug_info    0x000000000000122a      0xf3b ./Application/User/Core/stm32h7xx_hal_msp.o
 .debug_info    0x0000000000002165      0xbe2 ./Application/User/Core/stm32h7xx_it.o
 .debug_info    0x0000000000002d47       0x22 ./Application/User/Startup/startup_stm32h745xihx.o
 .debug_info    0x0000000000002d69     0x11ba ./Common/system_stm32h7xx_dualcore_boot_cm4_cm7.o
 .debug_info    0x0000000000003f23     0x21ec ./Drivers/STM32H7xx_HAL_Driver/stm32h7xx_hal.o
 .debug_info    0x000000000000610f     0x1a13 ./Drivers/STM32H7xx_HAL_Driver/stm32h7xx_hal_cortex.o
 .debug_info    0x0000000000007b22      0xe94 ./Drivers/STM32H7xx_HAL_Driver/stm32h7xx_hal_hsem.o
 .debug_info    0x00000000000089b6     0x1b2f ./Drivers/STM32H7xx_HAL_Driver/stm32h7xx_hal_pwr_ex.o
 .debug_info    0x000000000000a4e5     0x1928 ./Drivers/STM32H7xx_HAL_Driver/stm32h7xx_hal_rcc.o

.debug_abbrev   0x0000000000000000     0x1987
 .debug_abbrev  0x0000000000000000      0x271 ./Application/User/Core/main.o
 .debug_abbrev  0x0000000000000271      0x20f ./Application/User/Core/stm32h7xx_hal_msp.o
 .debug_abbrev  0x0000000000000480      0x1ef ./Application/User/Core/stm32h7xx_it.o
 .debug_abbrev  0x000000000000066f       0x12 ./Application/User/Startup/startup_stm32h745xihx.o
 .debug_abbrev  0x0000000000000681      0x251 ./Common/system_stm32h7xx_dualcore_boot_cm4_cm7.o
 .debug_abbrev  0x00000000000008d2      0x324 ./Drivers/STM32H7xx_HAL_Driver/stm32h7xx_hal.o
 .debug_abbrev  0x0000000000000bf6      0x409 ./Drivers/STM32H7xx_HAL_Driver/stm32h7xx_hal_cortex.o
 .debug_abbrev  0x0000000000000fff      0x2e9 ./Drivers/STM32H7xx_HAL_Driver/stm32h7xx_hal_hsem.o
 .debug_abbrev  0x00000000000012e8      0x37d ./Drivers/STM32H7xx_HAL_Driver/stm32h7xx_hal_pwr_ex.o
 .debug_abbrev  0x0000000000001665      0x322 ./Drivers/STM32H7xx_HAL_Driver/stm32h7xx_hal_rcc.o

.debug_aranges  0x0000000000000000      0x680
 .debug_aranges
                0x0000000000000000       0x28 ./Application/User/Core/main.o
 .debug_aranges
                0x0000000000000028       0x20 ./Application/User/Core/stm32h7xx_hal_msp.o
 .debug_aranges
                0x0000000000000048       0x60 ./Application/User/Core/stm32h7xx_it.o
 .debug_aranges
                0x00000000000000a8       0x28 ./Application/User/Startup/startup_stm32h745xihx.o
 .debug_aranges
                0x00000000000000d0       0x28 ./Common/system_stm32h7xx_dualcore_boot_cm4_cm7.o
 .debug_aranges
                0x00000000000000f8      0x200 ./Drivers/STM32H7xx_HAL_Driver/stm32h7xx_hal.o
 .debug_aranges
                0x00000000000002f8      0x120 ./Drivers/STM32H7xx_HAL_Driver/stm32h7xx_hal_cortex.o
 .debug_aranges
                0x0000000000000418       0x70 ./Drivers/STM32H7xx_HAL_Driver/stm32h7xx_hal_hsem.o
 .debug_aranges
                0x0000000000000488      0x170 ./Drivers/STM32H7xx_HAL_Driver/stm32h7xx_hal_pwr_ex.o
 .debug_aranges
                0x00000000000005f8       0x88 ./Drivers/STM32H7xx_HAL_Driver/stm32h7xx_hal_rcc.o

.debug_ranges   0x0000000000000000      0x5e8
 .debug_ranges  0x0000000000000000       0x18 ./Application/User/Core/main.o
 .debug_ranges  0x0000000000000018       0x10 ./Application/User/Core/stm32h7xx_hal_msp.o
 .debug_ranges  0x0000000000000028       0x50 ./Application/User/Core/stm32h7xx_it.o
 .debug_ranges  0x0000000000000078       0x20 ./Application/User/Startup/startup_stm32h745xihx.o
 .debug_ranges  0x0000000000000098       0x18 ./Common/system_stm32h7xx_dualcore_boot_cm4_cm7.o
 .debug_ranges  0x00000000000000b0      0x1f0 ./Drivers/STM32H7xx_HAL_Driver/stm32h7xx_hal.o
 .debug_ranges  0x00000000000002a0      0x110 ./Drivers/STM32H7xx_HAL_Driver/stm32h7xx_hal_cortex.o
 .debug_ranges  0x00000000000003b0       0x60 ./Drivers/STM32H7xx_HAL_Driver/stm32h7xx_hal_hsem.o
 .debug_ranges  0x0000000000000410      0x160 ./Drivers/STM32H7xx_HAL_Driver/stm32h7xx_hal_pwr_ex.o
 .debug_ranges  0x0000000000000570       0x78 ./Drivers/STM32H7xx_HAL_Driver/stm32h7xx_hal_rcc.o

.debug_macro    0x0000000000000000    0x3695a
 .debug_macro   0x0000000000000000      0x292 ./Application/User/Core/main.o
 .debug_macro   0x0000000000000292      0xaae ./Application/User/Core/main.o
 .debug_macro   0x0000000000000d40      0x22c ./Application/User/Core/main.o
 .debug_macro   0x0000000000000f6c       0x2e ./Application/User/Core/main.o
 .debug_macro   0x0000000000000f9a       0x3b ./Application/User/Core/main.o
 .debug_macro   0x0000000000000fd5       0x22 ./Application/User/Core/main.o
 .debug_macro   0x0000000000000ff7       0x8e ./Application/User/Core/main.o
 .debug_macro   0x0000000000001085       0x51 ./Application/User/Core/main.o
 .debug_macro   0x00000000000010d6      0x103 ./Application/User/Core/main.o
 .debug_macro   0x00000000000011d9       0x6a ./Application/User/Core/main.o
 .debug_macro   0x0000000000001243      0x1df ./Application/User/Core/main.o
 .debug_macro   0x0000000000001422       0x1c ./Application/User/Core/main.o
 .debug_macro   0x000000000000143e       0x22 ./Application/User/Core/main.o
 .debug_macro   0x0000000000001460      0x101 ./Application/User/Core/main.o
 .debug_macro   0x0000000000001561     0x1011 ./Application/User/Core/main.o
 .debug_macro   0x0000000000002572      0x11f ./Application/User/Core/main.o
 .debug_macro   0x0000000000002691    0x26895 ./Application/User/Core/main.o
 .debug_macro   0x0000000000028f26       0x43 ./Application/User/Core/main.o
 .debug_macro   0x0000000000028f69     0x3cd3 ./Application/User/Core/main.o
 .debug_macro   0x000000000002cc3c      0x174 ./Application/User/Core/main.o
 .debug_macro   0x000000000002cdb0       0x52 ./Application/User/Core/main.o
 .debug_macro   0x000000000002ce02       0x18 ./Application/User/Core/main.o
 .debug_macro   0x000000000002ce1a       0x3c ./Application/User/Core/main.o
 .debug_macro   0x000000000002ce56       0x34 ./Application/User/Core/main.o
 .debug_macro   0x000000000002ce8a       0x16 ./Application/User/Core/main.o
 .debug_macro   0x000000000002cea0       0x43 ./Application/User/Core/main.o
 .debug_macro   0x000000000002cee3       0x34 ./Application/User/Core/main.o
 .debug_macro   0x000000000002cf17       0x10 ./Application/User/Core/main.o
 .debug_macro   0x000000000002cf27       0x58 ./Application/User/Core/main.o
 .debug_macro   0x000000000002cf7f       0x71 ./Application/User/Core/main.o
 .debug_macro   0x000000000002cff0       0x1c ./Application/User/Core/main.o
 .debug_macro   0x000000000002d00c      0x12a ./Application/User/Core/main.o
 .debug_macro   0x000000000002d136      0x333 ./Application/User/Core/main.o
 .debug_macro   0x000000000002d469      0x1a9 ./Application/User/Core/main.o
 .debug_macro   0x000000000002d612       0x5d ./Application/User/Core/main.o
 .debug_macro   0x000000000002d66f     0x3a9d ./Application/User/Core/main.o
 .debug_macro   0x000000000003110c     0x1048 ./Application/User/Core/main.o
 .debug_macro   0x0000000000032154      0x14d ./Application/User/Core/main.o
 .debug_macro   0x00000000000322a1      0x133 ./Application/User/Core/main.o
 .debug_macro   0x00000000000323d4      0x3be ./Application/User/Core/main.o
 .debug_macro   0x0000000000032792       0x27 ./Application/User/Core/main.o
 .debug_macro   0x00000000000327b9      0x72d ./Application/User/Core/main.o
 .debug_macro   0x0000000000032ee6      0x229 ./Application/User/Core/main.o
 .debug_macro   0x000000000003310f       0x66 ./Application/User/Core/main.o
 .debug_macro   0x0000000000033175      0x3bb ./Application/User/Core/main.o
 .debug_macro   0x0000000000033530      0x408 ./Application/User/Core/main.o
 .debug_macro   0x0000000000033938      0x244 ./Application/User/Core/main.o
 .debug_macro   0x0000000000033b7c      0x3cb ./Application/User/Core/main.o
 .debug_macro   0x0000000000033f47      0x4a2 ./Application/User/Core/main.o
 .debug_macro   0x00000000000343e9       0x51 ./Application/User/Core/main.o
 .debug_macro   0x000000000003443a       0x4a ./Application/User/Core/main.o
 .debug_macro   0x0000000000034484      0x22c ./Application/User/Core/main.o
 .debug_macro   0x00000000000346b0       0x67 ./Application/User/Core/main.o
 .debug_macro   0x0000000000034717       0xa5 ./Application/User/Core/main.o
 .debug_macro   0x00000000000347bc      0x219 ./Application/User/Core/main.o
 .debug_macro   0x00000000000349d5      0x2eb ./Application/User/Core/main.o
 .debug_macro   0x0000000000034cc0       0x35 ./Application/User/Core/main.o
 .debug_macro   0x0000000000034cf5      0x798 ./Application/User/Core/main.o
 .debug_macro   0x000000000003548d      0x28c ./Application/User/Core/stm32h7xx_hal_msp.o
 .debug_macro   0x0000000000035719      0x296 ./Application/User/Core/stm32h7xx_it.o
 .debug_macro   0x00000000000359af      0x288 ./Common/system_stm32h7xx_dualcore_boot_cm4_cm7.o
 .debug_macro   0x0000000000035c37      0x2ac ./Drivers/STM32H7xx_HAL_Driver/stm32h7xx_hal.o
 .debug_macro   0x0000000000035ee3      0x282 ./Drivers/STM32H7xx_HAL_Driver/stm32h7xx_hal_cortex.o
 .debug_macro   0x0000000000036165      0x294 ./Drivers/STM32H7xx_HAL_Driver/stm32h7xx_hal_hsem.o
 .debug_macro   0x00000000000363f9      0x2bb ./Drivers/STM32H7xx_HAL_Driver/stm32h7xx_hal_pwr_ex.o
 .debug_macro   0x00000000000366b4      0x2a6 ./Drivers/STM32H7xx_HAL_Driver/stm32h7xx_hal_rcc.o

.debug_line     0x0000000000000000     0x6eea
 .debug_line    0x0000000000000000      0x88a ./Application/User/Core/main.o
 .debug_line    0x000000000000088a      0x857 ./Application/User/Core/stm32h7xx_hal_msp.o
 .debug_line    0x00000000000010e1      0x91a ./Application/User/Core/stm32h7xx_it.o
 .debug_line    0x00000000000019fb       0x94 ./Application/User/Startup/startup_stm32h745xihx.o
 .debug_line    0x0000000000001a8f      0x9a7 ./Common/system_stm32h7xx_dualcore_boot_cm4_cm7.o
 .debug_line    0x0000000000002436      0xf63 ./Drivers/STM32H7xx_HAL_Driver/stm32h7xx_hal.o
 .debug_line    0x0000000000003399      0xe13 ./Drivers/STM32H7xx_HAL_Driver/stm32h7xx_hal_cortex.o
 .debug_line    0x00000000000041ac      0x9c3 ./Drivers/STM32H7xx_HAL_Driver/stm32h7xx_hal_hsem.o
 .debug_line    0x0000000000004b6f     0x102e ./Drivers/STM32H7xx_HAL_Driver/stm32h7xx_hal_pwr_ex.o
 .debug_line    0x0000000000005b9d     0x134d ./Drivers/STM32H7xx_HAL_Driver/stm32h7xx_hal_rcc.o

.debug_str      0x0000000000000000   0x16befd
 .debug_str     0x0000000000000000   0x169775 ./Application/User/Core/main.o
                                     0x169c83 (size before relaxing)
 .debug_str     0x0000000000169775       0x6c ./Application/User/Core/stm32h7xx_hal_msp.o
                                     0x169bc1 (size before relaxing)
 .debug_str     0x00000000001697e1       0xfd ./Application/User/Core/stm32h7xx_it.o
                                     0x169a28 (size before relaxing)
 .debug_str     0x00000000001698de       0x42 ./Application/User/Startup/startup_stm32h745xihx.o
                                         0x98 (size before relaxing)
 .debug_str     0x0000000000169920      0x102 ./Common/system_stm32h7xx_dualcore_boot_cm4_cm7.o
                                     0x169ca4 (size before relaxing)
 .debug_str     0x0000000000169a22     0x122e ./Drivers/STM32H7xx_HAL_Driver/stm32h7xx_hal.o
                                     0x16af06 (size before relaxing)
 .debug_str     0x000000000016ac50      0x3f1 ./Drivers/STM32H7xx_HAL_Driver/stm32h7xx_hal_cortex.o
                                     0x16a759 (size before relaxing)
 .debug_str     0x000000000016b041      0x1fd ./Drivers/STM32H7xx_HAL_Driver/stm32h7xx_hal_hsem.o
                                     0x169ba8 (size before relaxing)
 .debug_str     0x000000000016b23e      0x6f7 ./Drivers/STM32H7xx_HAL_Driver/stm32h7xx_hal_pwr_ex.o
                                     0x16a32d (size before relaxing)
 .debug_str     0x000000000016b935      0x5c8 ./Drivers/STM32H7xx_HAL_Driver/stm32h7xx_hal_rcc.o
                                     0x16a21e (size before relaxing)

.comment        0x0000000000000000       0x53
 .comment       0x0000000000000000       0x53 ./Application/User/Core/main.o
                                         0x54 (size before relaxing)
 .comment       0x0000000000000053       0x54 ./Application/User/Core/stm32h7xx_hal_msp.o
 .comment       0x0000000000000053       0x54 ./Application/User/Core/stm32h7xx_it.o
 .comment       0x0000000000000053       0x54 ./Common/system_stm32h7xx_dualcore_boot_cm4_cm7.o
 .comment       0x0000000000000053       0x54 ./Drivers/STM32H7xx_HAL_Driver/stm32h7xx_hal.o
 .comment       0x0000000000000053       0x54 ./Drivers/STM32H7xx_HAL_Driver/stm32h7xx_hal_cortex.o
 .comment       0x0000000000000053       0x54 ./Drivers/STM32H7xx_HAL_Driver/stm32h7xx_hal_hsem.o
 .comment       0x0000000000000053       0x54 ./Drivers/STM32H7xx_HAL_Driver/stm32h7xx_hal_pwr_ex.o
 .comment       0x0000000000000053       0x54 ./Drivers/STM32H7xx_HAL_Driver/stm32h7xx_hal_rcc.o

.debug_frame    0x0000000000000000     0x18a8
 .debug_frame   0x0000000000000000       0x48 ./Application/User/Core/main.o
 .debug_frame   0x0000000000000048       0x38 ./Application/User/Core/stm32h7xx_hal_msp.o
 .debug_frame   0x0000000000000080      0x104 ./Application/User/Core/stm32h7xx_it.o
 .debug_frame   0x0000000000000184       0x58 ./Common/system_stm32h7xx_dualcore_boot_cm4_cm7.o
 .debug_frame   0x00000000000001dc      0x848 ./Drivers/STM32H7xx_HAL_Driver/stm32h7xx_hal.o
 .debug_frame   0x0000000000000a24      0x4b8 ./Drivers/STM32H7xx_HAL_Driver/stm32h7xx_hal_cortex.o
 .debug_frame   0x0000000000000edc      0x1bc ./Drivers/STM32H7xx_HAL_Driver/stm32h7xx_hal_hsem.o
 .debug_frame   0x0000000000001098      0x5ec ./Drivers/STM32H7xx_HAL_Driver/stm32h7xx_hal_pwr_ex.o
 .debug_frame   0x0000000000001684      0x1f8 ./Drivers/STM32H7xx_HAL_Driver/stm32h7xx_hal_rcc.o
 .debug_frame   0x000000000000187c       0x2c c:/st/stm32cubeide_1.8.0/stm32cubeide/plugins/com.st.stm32cube.ide.mcu.externaltools.gnu-tools-for-stm32.9-2020-q2-update.win32_2.0.0.202105311346/tools/bin/../lib/gcc/arm-none-eabi/9.3.1/../../../../arm-none-eabi/lib/thumb/v7e-m+fp/hard\libc_nano.a(lib_a-init.o)
