C:/Users/davis/Desktop/github_sr_dsgn/Senior_Design_GUI/Drivers/BSP/STM32H745I-DISCO/stm32h745i_discovery.c:105:9:BSP_GetVersion	0	static
C:/Users/davis/Desktop/github_sr_dsgn/Senior_Design_GUI/Drivers/BSP/STM32H745I-DISCO/stm32h745i_discovery.c:114:16:BSP_GetBoardName	0	static
C:/Users/davis/Desktop/github_sr_dsgn/Senior_Design_GUI/Drivers/BSP/STM32H745I-DISCO/stm32h745i_discovery.c:123:16:BSP_GetBoardID	0	static
C:/Users/davis/Desktop/github_sr_dsgn/Senior_Design_GUI/Drivers/BSP/STM32H745I-DISCO/stm32h745i_discovery.c:136:10:BSP_LED_Init	56	static
C:/Users/davis/Desktop/github_sr_dsgn/Senior_Design_GUI/Drivers/BSP/STM32H745I-DISCO/stm32h745i_discovery.c:177:9:BSP_LED_DeInit	16	static
C:/Users/davis/Desktop/github_sr_dsgn/Senior_Design_GUI/Drivers/BSP/STM32H745I-DISCO/stm32h745i_discovery.c:198:9:BSP_LED_On	8	static
C:/Users/davis/Desktop/github_sr_dsgn/Senior_Design_GUI/Drivers/BSP/STM32H745I-DISCO/stm32h745i_discovery.c:214:9:BSP_LED_Off	8	static
C:/Users/davis/Desktop/github_sr_dsgn/Senior_Design_GUI/Drivers/BSP/STM32H745I-DISCO/stm32h745i_discovery.c:229:9:BSP_LED_Toggle	8	static
C:/Users/davis/Desktop/github_sr_dsgn/Senior_Design_GUI/Drivers/BSP/STM32H745I-DISCO/stm32h745i_discovery.c:243:10:BSP_LED_GetState	8	static
C:/Users/davis/Desktop/github_sr_dsgn/Senior_Design_GUI/Drivers/BSP/STM32H745I-DISCO/stm32h745i_discovery.c:261:9:BSP_PB_Init	32	static
C:/Users/davis/Desktop/github_sr_dsgn/Senior_Design_GUI/Drivers/BSP/STM32H745I-DISCO/stm32h745i_discovery.c:304:9:BSP_PB_DeInit	8	static
C:/Users/davis/Desktop/github_sr_dsgn/Senior_Design_GUI/Drivers/BSP/STM32H745I-DISCO/stm32h745i_discovery.c:323:9:BSP_PB_GetState	8	static
C:/Users/davis/Desktop/github_sr_dsgn/Senior_Design_GUI/Drivers/BSP/STM32H745I-DISCO/stm32h745i_discovery.c:332:6:BSP_PB_IRQHandler	0	static
C:/Users/davis/Desktop/github_sr_dsgn/Senior_Design_GUI/Drivers/BSP/STM32H745I-DISCO/stm32h745i_discovery.c:349:13:BSP_PB_Callback	0	static
C:/Users/davis/Desktop/github_sr_dsgn/Senior_Design_GUI/Drivers/BSP/STM32H745I-DISCO/stm32h745i_discovery.c:340:13:BUTTON_USER_EXTI_Callback	8	static
