C:/Users/davis/Desktop/github_sr_dsgn/Senior_Design_GUI/Drivers/BSP/STM32H745I-DISCO/stm32h745i_discovery_lcd.c:539:9:BSP_LCD_GetPixelFormat	0	static
C:/Users/davis/Desktop/github_sr_dsgn/Senior_Design_GUI/Drivers/BSP/STM32H745I-DISCO/stm32h745i_discovery_lcd.c:562:9:BSP_LCD_SetActiveLayer	0	static
C:/Users/davis/Desktop/github_sr_dsgn/Senior_Design_GUI/Drivers/BSP/STM32H745I-DISCO/stm32h745i_discovery_lcd.c:821:9:BSP_LCD_GetXSize	0	static
C:/Users/davis/Desktop/github_sr_dsgn/Senior_Design_GUI/Drivers/BSP/STM32H745I-DISCO/stm32h745i_discovery_lcd.c:843:9:BSP_LCD_GetYSize	0	static
C:/Users/davis/Desktop/github_sr_dsgn/Senior_Design_GUI/Drivers/BSP/STM32H745I-DISCO/stm32h745i_discovery_lcd.c:1188:9:BSP_LCD_ReadPixel	20	static
C:/Users/davis/Desktop/github_sr_dsgn/Senior_Design_GUI/Drivers/BSP/STM32H745I-DISCO/stm32h745i_discovery_lcd.c:1212:9:BSP_LCD_WritePixel	20	static
C:/Users/davis/Desktop/github_sr_dsgn/Senior_Design_GUI/Drivers/BSP/STM32H745I-DISCO/stm32h745i_discovery_lcd.c:1062:9:BSP_LCD_FillRGBRect	40	static
C:/Users/davis/Desktop/github_sr_dsgn/Senior_Design_GUI/Drivers/BSP/STM32H745I-DISCO/stm32h745i_discovery_lcd.c:998:9:BSP_LCD_DrawBitmap	56	static
C:/Users/davis/Desktop/github_sr_dsgn/Senior_Design_GUI/Drivers/BSP/STM32H745I-DISCO/stm32h745i_discovery_lcd.c:1244:13:LL_FillBuffer	32	static
C:/Users/davis/Desktop/github_sr_dsgn/Senior_Design_GUI/Drivers/BSP/STM32H745I-DISCO/stm32h745i_discovery_lcd.c:1114:9:BSP_LCD_DrawHLine	32	static
C:/Users/davis/Desktop/github_sr_dsgn/Senior_Design_GUI/Drivers/BSP/STM32H745I-DISCO/stm32h745i_discovery_lcd.c:1140:9:BSP_LCD_DrawVLine	40	static
C:/Users/davis/Desktop/github_sr_dsgn/Senior_Design_GUI/Drivers/BSP/STM32H745I-DISCO/stm32h745i_discovery_lcd.c:1167:9:BSP_LCD_FillRect	32	static
C:/Users/davis/Desktop/github_sr_dsgn/Senior_Design_GUI/Drivers/BSP/STM32H745I-DISCO/stm32h745i_discovery_lcd.c:314:9:BSP_LCD_DeInit	8	static
C:/Users/davis/Desktop/github_sr_dsgn/Senior_Design_GUI/Drivers/BSP/STM32H745I-DISCO/stm32h745i_discovery_lcd.c:356:26:MX_LTDC_Init	4	static
C:/Users/davis/Desktop/github_sr_dsgn/Senior_Design_GUI/Drivers/BSP/STM32H745I-DISCO/stm32h745i_discovery_lcd.c:387:26:MX_LTDC_ConfigLayer	80	static
C:/Users/davis/Desktop/github_sr_dsgn/Senior_Design_GUI/Drivers/BSP/STM32H745I-DISCO/stm32h745i_discovery_lcd.c:415:26:MX_LTDC_ClockConfig	200	static
C:/Users/davis/Desktop/github_sr_dsgn/Senior_Design_GUI/Drivers/BSP/STM32H745I-DISCO/stm32h745i_discovery_lcd.c:195:9:BSP_LCD_InitEx	192	static
C:/Users/davis/Desktop/github_sr_dsgn/Senior_Design_GUI/Drivers/BSP/STM32H745I-DISCO/stm32h745i_discovery_lcd.c:181:9:BSP_LCD_Init	16	static
C:/Users/davis/Desktop/github_sr_dsgn/Senior_Design_GUI/Drivers/BSP/STM32H745I-DISCO/stm32h745i_discovery_lcd.c:516:9:BSP_LCD_ConfigLayer	8	static
C:/Users/davis/Desktop/github_sr_dsgn/Senior_Design_GUI/Drivers/BSP/STM32H745I-DISCO/stm32h745i_discovery_lcd.c:587:9:BSP_LCD_Relaod	8	static
C:/Users/davis/Desktop/github_sr_dsgn/Senior_Design_GUI/Drivers/BSP/STM32H745I-DISCO/stm32h745i_discovery_lcd.c:621:9:BSP_LCD_SetLayerVisible	0	static
C:/Users/davis/Desktop/github_sr_dsgn/Senior_Design_GUI/Drivers/BSP/STM32H745I-DISCO/stm32h745i_discovery_lcd.c:657:9:BSP_LCD_SetTransparency	8	static
C:/Users/davis/Desktop/github_sr_dsgn/Senior_Design_GUI/Drivers/BSP/STM32H745I-DISCO/stm32h745i_discovery_lcd.c:687:9:BSP_LCD_SetLayerAddress	8	static
C:/Users/davis/Desktop/github_sr_dsgn/Senior_Design_GUI/Drivers/BSP/STM32H745I-DISCO/stm32h745i_discovery_lcd.c:720:9:BSP_LCD_SetLayerWindow	32	static
C:/Users/davis/Desktop/github_sr_dsgn/Senior_Design_GUI/Drivers/BSP/STM32H745I-DISCO/stm32h745i_discovery_lcd.c:757:9:BSP_LCD_SetColorKeying	16	static
C:/Users/davis/Desktop/github_sr_dsgn/Senior_Design_GUI/Drivers/BSP/STM32H745I-DISCO/stm32h745i_discovery_lcd.c:790:9:BSP_LCD_ResetColorKeying	8	static
C:/Users/davis/Desktop/github_sr_dsgn/Senior_Design_GUI/Drivers/BSP/STM32H745I-DISCO/stm32h745i_discovery_lcd.c:864:9:BSP_LCD_DisplayOn	32	static
C:/Users/davis/Desktop/github_sr_dsgn/Senior_Design_GUI/Drivers/BSP/STM32H745I-DISCO/stm32h745i_discovery_lcd.c:898:9:BSP_LCD_DisplayOff	40	static
C:/Users/davis/Desktop/github_sr_dsgn/Senior_Design_GUI/Drivers/BSP/STM32H745I-DISCO/stm32h745i_discovery_lcd.c:931:9:BSP_LCD_SetBrightness	48	static
C:/Users/davis/Desktop/github_sr_dsgn/Senior_Design_GUI/Drivers/BSP/STM32H745I-DISCO/stm32h745i_discovery_lcd.c:974:9:BSP_LCD_GetBrightness	0	static
