stm32h745i_discovery_bus.c:239:9:BSP_I2C4_DeInit	8	static
stm32h745i_discovery_bus.c:267:26:MX_I2C4_Init	8	static
stm32h745i_discovery_bus.c:188:9:BSP_I2C4_Init	104	static
stm32h745i_discovery_bus.c:313:9:BSP_I2C4_WriteReg	24	static
stm32h745i_discovery_bus.c:350:9:BSP_I2C4_ReadReg	24	static
stm32h745i_discovery_bus.c:387:9:BSP_I2C4_WriteReg16	24	static
stm32h745i_discovery_bus.c:424:9:BSP_I2C4_ReadReg16	24	static
stm32h745i_discovery_bus.c:460:9:BSP_I2C4_IsReady	8	static
stm32h745i_discovery_bus.c:482:9:BSP_GetTick	0	static
