../../CM7/../../CM7/Middlewares/ST/touchgfx/framework/include/touchgfx/Font.hpp:167:13:touchgfx::Font::~Font()	16	static
../../CM7/../../CM7/Middlewares/ST/touchgfx/framework/include/touchgfx/Font.hpp:167:13:virtual touchgfx::Font::~Font()	16	static
../../CM7/../../CM7/Middlewares/ST/touchgfx/framework/include/touchgfx/ConstFont.hpp:35:7:touchgfx::ConstFont::~ConstFont()	16	static
../../CM7/../../CM7/Middlewares/ST/touchgfx/framework/include/touchgfx/ConstFont.hpp:35:7:virtual touchgfx::ConstFont::~ConstFont()	16	static
../../CM7/../../CM7/TouchGFX/generated/fonts/include/fonts/GeneratedFont.hpp:17:7:touchgfx::GeneratedFont::~GeneratedFont()	16	static
../../CM7/../../CM7/TouchGFX/generated/fonts/include/fonts/GeneratedFont.hpp:17:7:virtual touchgfx::GeneratedFont::~GeneratedFont()	16	static
C:/TouchGFXProjects/Senior_Design_GUI/CM7/TouchGFX/generated/fonts/src/Table_verdana_40_4bpp.cpp:25:160:void __tcf_0()	8	static
C:/TouchGFXProjects/Senior_Design_GUI/CM7/TouchGFX/generated/fonts/src/Table_verdana_40_4bpp.cpp:23:26:touchgfx::GeneratedFont& getFont_verdana_40_4bpp()	56	static
