C:/Users/davis/Desktop/github_sr_dsgn/Senior_Design_GUI/CM7/TouchGFX/generated/texts/src/TypedTextDatabase.cpp:95:43:const touchgfx::TypedText::TypedTextData* TypedTextDatabase::getInstance(touchgfx::LanguageId)	16	static
C:/Users/davis/Desktop/github_sr_dsgn/Senior_Design_GUI/CM7/TouchGFX/generated/texts/src/TypedTextDatabase.cpp:100:10:uint16_t TypedTextDatabase::getInstanceSize()	4	static
C:/Users/davis/Desktop/github_sr_dsgn/Senior_Design_GUI/CM7/TouchGFX/generated/texts/src/TypedTextDatabase.cpp:105:24:const touchgfx::Font** TypedTextDatabase::getFonts()	4	static
C:/Users/davis/Desktop/github_sr_dsgn/Senior_Design_GUI/CM7/TouchGFX/generated/texts/src/TypedTextDatabase.cpp:110:23:const touchgfx::Font* TypedTextDatabase::setFont(touchgfx::FontId, const touchgfx::Font*)	24	static
C:/Users/davis/Desktop/github_sr_dsgn/Senior_Design_GUI/CM7/TouchGFX/generated/texts/src/TypedTextDatabase.cpp:117:6:void TypedTextDatabase::resetFont(touchgfx::FontId)	16	static
C:/Users/davis/Desktop/github_sr_dsgn/Senior_Design_GUI/CM7/TouchGFX/generated/texts/src/TypedTextDatabase.cpp:144:1:void __static_initialization_and_destruction_0(int, int)	16	static
C:/Users/davis/Desktop/github_sr_dsgn/Senior_Design_GUI/CM7/TouchGFX/generated/texts/src/TypedTextDatabase.cpp:144:1:cpp)	8	static
