../../CM7/../../CM7/Middlewares/ST/touchgfx/framework/include/touchgfx/Screen.hpp:104:18:virtual void touchgfx::Screen::afterTransition()	0	static
../../CM7/../../CM7/Middlewares/ST/touchgfx/framework/include/touchgfx/Screen.hpp:144:18:virtual void touchgfx::Screen::handleTickEvent()	0	static
../../CM7/../../CM7/Middlewares/ST/touchgfx/framework/include/touchgfx/Screen.hpp:154:18:virtual void touchgfx::Screen::handleKeyEvent(uint8_t)	0	static
../../CM7/../../CM7/Middlewares/ST/touchgfx/framework/include/touchgfx/TypedText.hpp:65:13:touchgfx::TypedText::~TypedText()	0	static
../../CM7/../../CM7/TouchGFX/gui/include/gui/keyboard_1_screen/Keyboard_1View.hpp:12:13:Keyboard_1View::~Keyboard_1View()	0	static
C:/Users/davis/Desktop/github_sr_dsgn/Senior_Design_GUI/CM7/TouchGFX/gui/src/keyboard_1_screen/Keyboard_1View.cpp:26:6:virtual void Keyboard_1View::tearDownScreen()	0	static
C:/Users/davis/Desktop/github_sr_dsgn/Senior_Design_GUI/CM7/TouchGFX/gui/src/keyboard_1_screen/Keyboard_1View.cpp:31:6:virtual void Keyboard_1View::getBuffer_1()	16	static
../../CM7/../../CM7/Middlewares/ST/touchgfx/framework/include/touchgfx/TypedText.hpp:65:13:virtual touchgfx::TypedText::~TypedText()	8	static
../../CM7/../../CM7/TouchGFX/gui/include/gui/keyboard_1_screen/Keyboard_1View.hpp:12:13:virtual Keyboard_1View::~Keyboard_1View()	8	static
C:/Users/davis/Desktop/github_sr_dsgn/Senior_Design_GUI/CM7/TouchGFX/gui/src/keyboard_1_screen/Keyboard_1View.cpp:13:6:virtual void Keyboard_1View::setupScreen()	8	static
C:/Users/davis/Desktop/github_sr_dsgn/Senior_Design_GUI/CM7/TouchGFX/gui/src/keyboard_1_screen/Keyboard_1View.cpp:6:1:Keyboard_1View::Keyboard_1View()	16	static
C:/Users/davis/Desktop/github_sr_dsgn/Senior_Design_GUI/CM7/TouchGFX/gui/src/keyboard_1_screen/Keyboard_1View.cpp:42:1:cpp)	0	static
