../../CM7/../../CM7/TouchGFX/gui/include/gui/keyboard_1_screen/Keyboard_1Presenter.hpp:28:13:Keyboard_1Presenter::~Keyboard_1Presenter()	0	static
../../CM7/../../CM7/Middlewares/ST/touchgfx/framework/include/touchgfx/TypedText.hpp:65:13:touchgfx::TypedText::~TypedText()	0	static
C:/Users/davis/Desktop/github_sr_dsgn/Senior_Design_GUI/CM7/TouchGFX/gui/src/keyboard_1_screen/Keyboard_1Presenter.cpp:10:6:virtual void Keyboard_1Presenter::activate()	0	static
../../CM7/../../CM7/TouchGFX/gui/include/gui/keyboard_1_screen/Keyboard_1Presenter.hpp:28:13:virtual Keyboard_1Presenter::~Keyboard_1Presenter()	8	static
../../CM7/../../CM7/Middlewares/ST/touchgfx/framework/include/touchgfx/TypedText.hpp:65:13:virtual touchgfx::TypedText::~TypedText()	8	static
../../CM7/../../CM7/TouchGFX/gui/include/gui/keyboard_1_screen/Keyboard_1Presenter.hpp:28:13:virtual void* Keyboard_1Presenter::_ZThn4_N19Keyboard_1PresenterD1Ev()	0	static
C:/Users/davis/Desktop/github_sr_dsgn/Senior_Design_GUI/CM7/TouchGFX/gui/src/keyboard_1_screen/Keyboard_1Presenter.cpp:4:1:Keyboard_1Presenter::Keyboard_1Presenter(Keyboard_1View&)	8	static
C:/Users/davis/Desktop/github_sr_dsgn/Senior_Design_GUI/CM7/TouchGFX/gui/src/keyboard_1_screen/Keyboard_1Presenter.cpp:18:1:cpp)	0	static
