../../CM7/../../CM7/TouchGFX/gui/include/gui/settings_screen/SettingsPresenter.hpp:28:13:SettingsPresenter::~SettingsPresenter()	0	static
C:/Users/davis/Desktop/github_sr_dsgn/Senior_Design_GUI/CM7/TouchGFX/gui/src/settings_screen/SettingsPresenter.cpp:10:6:virtual void SettingsPresenter::activate()	0	static
../../CM7/../../CM7/TouchGFX/gui/include/gui/settings_screen/SettingsPresenter.hpp:28:13:virtual SettingsPresenter::~SettingsPresenter()	8	static
../../CM7/../../CM7/TouchGFX/gui/include/gui/settings_screen/SettingsPresenter.hpp:28:13:virtual void* SettingsPresenter::_ZThn4_N17SettingsPresenterD1Ev()	0	static
C:/Users/davis/Desktop/github_sr_dsgn/Senior_Design_GUI/CM7/TouchGFX/gui/src/settings_screen/SettingsPresenter.cpp:4:1:SettingsPresenter::SettingsPresenter(SettingsView&)	8	static
