../../CM7/../../CM7/TouchGFX/gui/include/gui/store_screen/StorePresenter.hpp:28:13:StorePresenter::~StorePresenter()	0	static
C:/Users/davis/Desktop/github_sr_dsgn/Senior_Design_GUI/CM7/TouchGFX/gui/src/store_screen/StorePresenter.cpp:10:6:virtual void StorePresenter::activate()	0	static
../../CM7/../../CM7/TouchGFX/gui/include/gui/store_screen/StorePresenter.hpp:28:13:virtual StorePresenter::~StorePresenter()	8	static
../../CM7/../../CM7/TouchGFX/gui/include/gui/store_screen/StorePresenter.hpp:28:13:virtual void* StorePresenter::_ZThn4_N14StorePresenterD1Ev()	0	static
C:/Users/davis/Desktop/github_sr_dsgn/Senior_Design_GUI/CM7/TouchGFX/gui/src/store_screen/StorePresenter.cpp:4:1:StorePresenter::StorePresenter(StoreView&)	8	static
