../../CM7/../../CM7/Middlewares/ST/touchgfx/framework/include/touchgfx/hal/Types.hpp:91:5:touchgfx::colortype::colortype(uint32_t)	16	static
../../CM7/../../CM7/Middlewares/ST/touchgfx/framework/include/touchgfx/hal/Types.hpp:140:5:touchgfx::Rect::Rect(int16_t, int16_t, int16_t, int16_t)	24	static
../../CM7/../../CM7/Middlewares/ST/touchgfx/framework/include/touchgfx/hal/HAL.hpp:101:13:touchgfx::HAL::~HAL()	16	static
../../CM7/../../CM7/Middlewares/ST/touchgfx/framework/include/touchgfx/hal/HAL.hpp:101:13:virtual touchgfx::HAL::~HAL()	16	static
../../CM7/../../CM7/Middlewares/ST/touchgfx/framework/include/touchgfx/hal/HAL.hpp:110:17:static touchgfx::HAL* touchgfx::HAL::getInstance()	4	static
../../CM7/../../CM7/Middlewares/ST/touchgfx/framework/include/touchgfx/hal/HAL.hpp:124:18:virtual void touchgfx::HAL::setDisplayOrientation(touchgfx::DisplayOrientation)	16	static
../../CM7/../../CM7/Middlewares/ST/touchgfx/framework/include/touchgfx/hal/HAL.hpp:156:18:virtual void touchgfx::HAL::setFrameBufferSize(uint16_t, uint16_t)	16	static
../../CM7/../../CM7/Middlewares/ST/touchgfx/framework/include/touchgfx/hal/HAL.hpp:209:10:void touchgfx::HAL::frontPorchEntered()	16	static
../../CM7/../../CM7/Middlewares/ST/touchgfx/framework/include/touchgfx/hal/HAL.hpp:298:28:virtual touchgfx::BlitOperations touchgfx::HAL::getBlitCaps()	16	static
../../CM7/../../CM7/Middlewares/ST/touchgfx/framework/include/touchgfx/hal/HAL.hpp:593:10:void touchgfx::HAL::vSync()	16	static
../../CM7/../../CM7/Middlewares/ST/touchgfx/framework/include/touchgfx/hal/HAL.hpp:603:18:virtual void touchgfx::HAL::backPorchExited()	16	static
../../CM7/../../CM7/Middlewares/ST/touchgfx/framework/include/touchgfx/hal/HAL.hpp:635:18:virtual bool touchgfx::HAL::sampleKey(uint8_t&)	16	static
../../CM7/../../CM7/Middlewares/ST/touchgfx/framework/include/touchgfx/hal/HAL.hpp:682:18:virtual void touchgfx::HAL::setFrameBufferStartAddresses(void*, void*, void*)	24	static
../../CM7/../../CM7/Middlewares/ST/touchgfx/framework/include/touchgfx/hal/HAL.hpp:825:30:virtual touchgfx::FlashDataReader* touchgfx::HAL::getFlashDataReader() const	16	static
../../CM7/../../CM7/Middlewares/ST/touchgfx/framework/include/touchgfx/hal/HAL.hpp:974:18:virtual void touchgfx::HAL::taskDelay(uint16_t)	16	static
../../CM7/../../CM7/Middlewares/ST/touchgfx/framework/include/touchgfx/hal/HAL.hpp:1001:22:virtual uint16_t touchgfx::HAL::getTFTCurrentLine()	16	static
../../CM7/../../CM7/Middlewares/ST/touchgfx/framework/include/touchgfx/hal/HAL.hpp:1012:21:virtual touchgfx::DMAType touchgfx::HAL::getDMAType()	16	static
../../CM7/../../CM7/Middlewares/ST/touchgfx/framework/include/touchgfx/hal/HAL.hpp:1122:18:virtual void touchgfx::HAL::performDisplayOrientationChange()	24	static
../../../CM7/TouchGFX/target/generated/TouchGFXGeneratedHAL.hpp:105:18:virtual void TouchGFXGeneratedHAL::flushFrameBuffer()	16	static
../../CM7/../../CM7/Middlewares/ST/touchgfx/framework/include/touchgfx/TypedText.hpp:59:14:touchgfx::TypedText::TypedText(touchgfx::TypedTextId)	16	static
../../CM7/../../CM7/Middlewares/ST/touchgfx/framework/include/touchgfx/TypedText.hpp:65:13:touchgfx::TypedText::~TypedText()	16	static
../../CM7/../../CM7/Middlewares/ST/touchgfx/framework/include/touchgfx/TypedText.hpp:65:13:virtual touchgfx::TypedText::~TypedText()	16	static
../../../Drivers/CMSIS/Include/core_cm7.h:1902:22:void __NVIC_EnableIRQ(IRQn_Type)	16	static,ignoring_inline_asm
../../../Drivers/CMSIS/Include/core_cm7.h:1940:22:void __NVIC_DisableIRQ(IRQn_Type)	16	static,ignoring_inline_asm
../../../Drivers/CMSIS/Include/core_cm7.h:2032:22:void __NVIC_SetPriority(IRQn_Type, uint32_t)	16	static
A:/TouchGFX/Senior_Design_GUI/CM7/TouchGFX/target/generated/TouchGFXGeneratedHAL.cpp:35:6:virtual void TouchGFXGeneratedHAL::initialize()	24	static
A:/TouchGFX/Senior_Design_GUI/CM7/TouchGFX/target/generated/TouchGFXGeneratedHAL.cpp:42:6:virtual void TouchGFXGeneratedHAL::configureInterrupts()	16	static
A:/TouchGFX/Senior_Design_GUI/CM7/TouchGFX/target/generated/TouchGFXGeneratedHAL.cpp:48:6:virtual void TouchGFXGeneratedHAL::enableInterrupts()	16	static
A:/TouchGFX/Senior_Design_GUI/CM7/TouchGFX/target/generated/TouchGFXGeneratedHAL.cpp:54:6:virtual void TouchGFXGeneratedHAL::disableInterrupts()	16	static
A:/TouchGFX/Senior_Design_GUI/CM7/TouchGFX/target/generated/TouchGFXGeneratedHAL.cpp:60:6:virtual void TouchGFXGeneratedHAL::enableLCDControllerInterrupt()	16	static
A:/TouchGFX/Senior_Design_GUI/CM7/TouchGFX/target/generated/TouchGFXGeneratedHAL.cpp:71:6:virtual bool TouchGFXGeneratedHAL::beginFrame()	16	static
A:/TouchGFX/Senior_Design_GUI/CM7/TouchGFX/target/generated/TouchGFXGeneratedHAL.cpp:76:6:virtual void TouchGFXGeneratedHAL::endFrame()	16	static
A:/TouchGFX/Senior_Design_GUI/CM7/TouchGFX/target/generated/TouchGFXGeneratedHAL.cpp:82:11:virtual uint16_t* TouchGFXGeneratedHAL::getTFTFrameBuffer() const	16	static
A:/TouchGFX/Senior_Design_GUI/CM7/TouchGFX/target/generated/TouchGFXGeneratedHAL.cpp:87:6:virtual void TouchGFXGeneratedHAL::setTFTFrameBuffer(uint16_t*)	16	static
A:/TouchGFX/Senior_Design_GUI/CM7/TouchGFX/target/generated/TouchGFXGeneratedHAL.cpp:95:6:virtual void TouchGFXGeneratedHAL::flushFrameBuffer(const touchgfx::Rect&)	32	static,ignoring_inline_asm
A:/TouchGFX/Senior_Design_GUI/CM7/TouchGFX/target/generated/TouchGFXGeneratedHAL.cpp:108:6:virtual bool TouchGFXGeneratedHAL::blockCopy(void*, const void*, uint32_t)	24	static
A:/TouchGFX/Senior_Design_GUI/CM7/TouchGFX/target/generated/TouchGFXGeneratedHAL.cpp:113:6:virtual void TouchGFXGeneratedHAL::InvalidateCache()	32	static,ignoring_inline_asm
A:/TouchGFX/Senior_Design_GUI/CM7/TouchGFX/target/generated/TouchGFXGeneratedHAL.cpp:125:6:virtual void TouchGFXGeneratedHAL::FlushCache()	32	static,ignoring_inline_asm
A:/TouchGFX/Senior_Design_GUI/CM7/TouchGFX/target/generated/TouchGFXGeneratedHAL.cpp:139:10:void HAL_LTDC_LineEventCallback(LTDC_HandleTypeDef*)	16	static
../../../CM7/TouchGFX/target/generated/TouchGFXGeneratedHAL.hpp:29:7:TouchGFXGeneratedHAL::~TouchGFXGeneratedHAL()	16	static
../../../CM7/TouchGFX/target/generated/TouchGFXGeneratedHAL.hpp:29:7:virtual TouchGFXGeneratedHAL::~TouchGFXGeneratedHAL()	16	static
../../CM7/../../CM7/Middlewares/ST/touchgfx/framework/include/touchgfx/widgets/Keyboard.hpp:74:12:touchgfx::Keyboard::Layout::~Layout()	16	static
A:/TouchGFX/Senior_Design_GUI/CM7/TouchGFX/target/generated/TouchGFXGeneratedHAL.cpp:161:1:void __static_initialization_and_destruction_0(int, int)	32	static
A:/TouchGFX/Senior_Design_GUI/CM7/TouchGFX/target/generated/TouchGFXGeneratedHAL.cpp:161:1:cpp)	8	static
A:/TouchGFX/Senior_Design_GUI/CM7/TouchGFX/target/generated/TouchGFXGeneratedHAL.cpp:161:1:cpp)	8	static
