main.c:134:1:__io_putchar	16	static
main.c:148:5:main	72	static,ignoring_inline_asm
main.c:284:6:SystemClock_Config	120	static
main.c:346:13:MX_CRC_Init	8	static
main.c:377:13:MX_DMA2D_Init	8	static
main.c:406:13:MX_LTDC_Init	64	static
main.c:468:13:MX_QUADSPI_Init	8	static
main.c:502:13:MX_USART3_UART_Init	8	static
main.c:550:6:MX_FMC_Init	40	static
main.c:601:13:MX_GPIO_Init	72	static
main.c:638:6:StartDefaultTask	16	static
main.c:656:13:TouchGFX_Task	16	static
main.c:675:6:Trilaterate_Task	40	static
main.c:695:6:MPU_Config	24	static
main.c:736:6:HAL_TIM_PeriodElapsedCallback	16	static
main.c:753:6:Error_Handler	4	static,ignoring_inline_asm
