A:/TouchGFX/Senior_Design_GUI/CM7/Core/Src/main.c:134:1:__io_putchar	16	static
A:/TouchGFX/Senior_Design_GUI/CM7/Core/Src/main.c:148:5:main	72	static,ignoring_inline_asm
A:/TouchGFX/Senior_Design_GUI/CM7/Core/Src/main.c:282:6:SystemClock_Config	120	static
A:/TouchGFX/Senior_Design_GUI/CM7/Core/Src/main.c:344:13:MX_CRC_Init	8	static
A:/TouchGFX/Senior_Design_GUI/CM7/Core/Src/main.c:375:13:MX_DMA2D_Init	8	static
A:/TouchGFX/Senior_Design_GUI/CM7/Core/Src/main.c:404:13:MX_LTDC_Init	64	static
A:/TouchGFX/Senior_Design_GUI/CM7/Core/Src/main.c:466:13:MX_QUADSPI_Init	8	static
A:/TouchGFX/Senior_Design_GUI/CM7/Core/Src/main.c:500:13:MX_USART3_UART_Init	8	static
A:/TouchGFX/Senior_Design_GUI/CM7/Core/Src/main.c:548:6:MX_FMC_Init	40	static
A:/TouchGFX/Senior_Design_GUI/CM7/Core/Src/main.c:599:13:MX_GPIO_Init	72	static
A:/TouchGFX/Senior_Design_GUI/CM7/Core/Src/main.c:636:6:StartDefaultTask	16	static
A:/TouchGFX/Senior_Design_GUI/CM7/Core/Src/main.c:654:13:TouchGFX_Task	16	static
A:/TouchGFX/Senior_Design_GUI/CM7/Core/Src/main.c:674:6:Trilaterate_Task	40	static
A:/TouchGFX/Senior_Design_GUI/CM7/Core/Src/main.c:692:6:MPU_Config	24	static
A:/TouchGFX/Senior_Design_GUI/CM7/Core/Src/main.c:733:6:HAL_TIM_PeriodElapsedCallback	16	static
A:/TouchGFX/Senior_Design_GUI/CM7/Core/Src/main.c:750:6:Error_Handler	4	static,ignoring_inline_asm
