C:/TouchGFXProjects/Senior_Design_GUI/CM7/Core/Src/stm32h7xx_hal_msp.c:64:6:HAL_MspInit	16	static
C:/TouchGFXProjects/Senior_Design_GUI/CM7/Core/Src/stm32h7xx_hal_msp.c:87:6:HAL_CRC_MspInit	24	static
C:/TouchGFXProjects/Senior_Design_GUI/CM7/Core/Src/stm32h7xx_hal_msp.c:109:6:HAL_CRC_MspDeInit	16	static
C:/TouchGFXProjects/Senior_Design_GUI/CM7/Core/Src/stm32h7xx_hal_msp.c:131:6:HAL_DMA2D_MspInit	24	static
C:/TouchGFXProjects/Senior_Design_GUI/CM7/Core/Src/stm32h7xx_hal_msp.c:156:6:HAL_DMA2D_MspDeInit	16	static
C:/TouchGFXProjects/Senior_Design_GUI/CM7/Core/Src/stm32h7xx_hal_msp.c:181:6:HAL_LTDC_MspInit	248	static
C:/TouchGFXProjects/Senior_Design_GUI/CM7/Core/Src/stm32h7xx_hal_msp.c:292:6:HAL_LTDC_MspDeInit	16	static
C:/TouchGFXProjects/Senior_Design_GUI/CM7/Core/Src/stm32h7xx_hal_msp.c:360:6:HAL_QSPI_MspInit	248	static
C:/TouchGFXProjects/Senior_Design_GUI/CM7/Core/Src/stm32h7xx_hal_msp.c:455:6:HAL_QSPI_MspDeInit	16	static
C:/TouchGFXProjects/Senior_Design_GUI/CM7/Core/Src/stm32h7xx_hal_msp.c:500:6:HAL_UART_MspInit	232	static
C:/TouchGFXProjects/Senior_Design_GUI/CM7/Core/Src/stm32h7xx_hal_msp.c:546:6:HAL_UART_MspDeInit	16	static
C:/TouchGFXProjects/Senior_Design_GUI/CM7/Core/Src/stm32h7xx_hal_msp.c:571:13:HAL_FMC_MspInit	224	static
C:/TouchGFXProjects/Senior_Design_GUI/CM7/Core/Src/stm32h7xx_hal_msp.c:680:6:HAL_SDRAM_MspInit	16	static
C:/TouchGFXProjects/Senior_Design_GUI/CM7/Core/Src/stm32h7xx_hal_msp.c:692:13:HAL_FMC_MspDeInit	8	static
C:/TouchGFXProjects/Senior_Design_GUI/CM7/Core/Src/stm32h7xx_hal_msp.c:764:6:HAL_SDRAM_MspDeInit	16	static
