HAL.hpp:124:18:virtual void touchgfx::HAL::setDisplayOrientation(touchgfx::DisplayOrientation)	0	static
HAL.hpp:635:18:virtual bool touchgfx::HAL::sampleKey(uint8_t&)	0	static
HAL.hpp:825:30:virtual touchgfx::FlashDataReader* touchgfx::HAL::getFlashDataReader() const	0	static
HAL.hpp:974:18:virtual void touchgfx::HAL::taskDelay(uint16_t)	0	static
HAL.hpp:1001:22:virtual uint16_t touchgfx::HAL::getTFTCurrentLine()	0	static
HAL.hpp:1012:21:virtual touchgfx::DMAType touchgfx::HAL::getDMAType()	0	static
TypedText.hpp:65:13:touchgfx::TypedText::~TypedText()	0	static
TouchGFXGeneratedHAL.cpp:43:6:virtual void TouchGFXGeneratedHAL::configureInterrupts()	0	static
TouchGFXGeneratedHAL.cpp:61:6:virtual void TouchGFXGeneratedHAL::enableLCDControllerInterrupt()	0	static
TouchGFXGeneratedHAL.cpp:83:11:virtual uint16_t* TouchGFXGeneratedHAL::getTFTFrameBuffer() const	0	static
TouchGFXGeneratedHAL.cpp:88:6:virtual void TouchGFXGeneratedHAL::setTFTFrameBuffer(uint16_t*)	0	static
TouchGFXGeneratedHAL.hpp:30:7:TouchGFXGeneratedHAL::~TouchGFXGeneratedHAL()	0	static
TouchGFXGeneratedHAL.cpp:36:6:virtual void TouchGFXGeneratedHAL::initialize()	16	static
HAL.hpp:682:18:virtual void touchgfx::HAL::setFrameBufferStartAddresses(void*, void*, void*)	8	static
HAL.hpp:156:18:virtual void touchgfx::HAL::setFrameBufferSize(uint16_t, uint16_t)	8	static
TouchGFXGeneratedHAL.cpp:72:6:virtual bool TouchGFXGeneratedHAL::beginFrame()	0	static
TouchGFXGeneratedHAL.cpp:77:6:virtual void TouchGFXGeneratedHAL::endFrame()	0	static
TouchGFXGeneratedHAL.cpp:109:6:virtual bool TouchGFXGeneratedHAL::blockCopy(void*, const void*, uint32_t)	0	static
HAL.hpp:603:18:virtual void touchgfx::HAL::backPorchExited()	8	static
TouchGFXGeneratedHAL.hpp:106:18:virtual void TouchGFXGeneratedHAL::flushFrameBuffer()	0	static
TypedText.hpp:65:13:virtual touchgfx::TypedText::~TypedText()	8	static
TouchGFXGeneratedHAL.hpp:30:7:virtual TouchGFXGeneratedHAL::~TouchGFXGeneratedHAL()	8	static
HAL.hpp:298:28:virtual touchgfx::BlitOperations touchgfx::HAL::getBlitCaps()	0	static
HAL.hpp:1122:18:virtual void touchgfx::HAL::performDisplayOrientationChange()	8	static
TouchGFXGeneratedHAL.cpp:114:6:virtual void TouchGFXGeneratedHAL::InvalidateCache()	20	static
TouchGFXGeneratedHAL.cpp:114:6:virtual void TouchGFXGeneratedHAL::InvalidateCache()	0	static
TouchGFXGeneratedHAL.cpp:126:6:virtual void TouchGFXGeneratedHAL::FlushCache()	0	static
TouchGFXGeneratedHAL.cpp:96:6:virtual void TouchGFXGeneratedHAL::flushFrameBuffer(const touchgfx::Rect&)	8	static
TouchGFXGeneratedHAL.cpp:49:6:virtual void TouchGFXGeneratedHAL::enableInterrupts()	0	static
TouchGFXGeneratedHAL.cpp:55:6:virtual void TouchGFXGeneratedHAL::disableInterrupts()	0	static
TouchGFXGeneratedHAL.cpp:140:10:void HAL_LTDC_LineEventCallback(LTDC_HandleTypeDef*)	8	static
TouchGFXGeneratedHAL.cpp:162:1:cpp)	0	static
