Screen.hpp:104:18:virtual void touchgfx::Screen::afterTransition()	0	static
Screen.hpp:144:18:virtual void touchgfx::Screen::handleTickEvent()	0	static
Screen.hpp:154:18:virtual void touchgfx::Screen::handleKeyEvent(uint8_t)	0	static
HomeView.hpp:11:13:HomeView::~HomeView()	0	static
HomeView.cpp:13:6:virtual void HomeView::tearDownScreen()	0	static
HomeView.cpp:8:6:virtual void HomeView::setupScreen()	0	static
HomeView.hpp:11:13:virtual HomeView::~HomeView()	8	static
HomeView.cpp:3:1:HomeView::HomeView()	8	static
